 ship_server

 Timestamp is 4bae682c (Sat Mar 27 13:18:52 2010)

 Preferred load address is 00400000

 Start         Length     Name                   Class
 0001:00000000 00050ef1H .textbss                DATA
 0002:00000000 000a5a65H .text                   CODE
 0002:000a5a70 00001161H .text$x                 CODE
 0003:00000000 00000104H .CRT$XCA                DATA
 0003:00000104 00000104H .CRT$XCZ                DATA
 0003:00000208 00000104H .CRT$XIA                DATA
 0003:0000030c 00000113H .CRT$XIC                DATA
 0003:00000420 00000104H .CRT$XIY                DATA
 0003:00000524 00000104H .CRT$XIZ                DATA
 0003:00000628 00000104H .CRT$XPA                DATA
 0003:0000072c 00000109H .CRT$XPX                DATA
 0003:00000838 00000104H .CRT$XPXA               DATA
 0003:0000093c 00000104H .CRT$XPZ                DATA
 0003:00000a40 00000104H .CRT$XTA                DATA
 0003:00000b44 00000104H .CRT$XTZ                DATA
 0003:00000c50 00018bc3H .rdata                  DATA
 0003:00019814 0000019aH .rdata$debug            DATA
 0003:000199b0 0000032fH .rdata$r                DATA
 0003:00019ce0 00000104H .rtc$IAA                DATA
 0003:00019de4 00000109H .rtc$IMZ                DATA
 0003:00019ef0 00000104H .rtc$IZZ                DATA
 0003:00019ff4 00000104H .rtc$TAA                DATA
 0003:0001a0f8 00000109H .rtc$TMZ                DATA
 0003:0001a204 00000104H .rtc$TZZ                DATA
 0003:0001a308 00001286H .xdata$x                DATA
 0003:0001b58e 00000000H .edata                  DATA
 0004:00000000 00004043H .data                   DATA
 0004:00004060 02358fe8H .bss                    DATA
 0005:00000000 00000064H .idata$2                DATA
 0005:00000064 00000014H .idata$3                DATA
 0005:00000078 0000034cH .idata$4                DATA
 0005:000003c4 0000034cH .idata$5                DATA
 0005:00000710 00000a29H .idata$6                DATA
 0006:00000000 00000216H .rsrc$01                DATA
 0006:00000220 000019e6H .rsrc$02                DATA

  Address         Publics by Value              Rva+Base       Lib:Object

 0000:00000000       __except_list              00000000     <absolute>
 0000:00000000       ___safe_se_handler_table   00000000     <absolute>
 0000:00000000       ___safe_se_handler_count   00000000     <absolute>
 0000:00000000       ___ImageBase               00400000     <linker-defined>
 0001:00000000       __enc$textbss$begin        00401000     <linker-defined>
 0001:00050ef1       __enc$textbss$end          00451ef1     <linker-defined>
 0002:00003580       _readLocalGMFile           00455580 f   ship_server.obj
 0002:000039d0       _getbit                    004559d0 f   ship_server.obj
 0002:00003a30       _playerHasRights           00455a30 f   ship_server.obj
 0002:00003af0       _isLocalGM                 00455af0 f   ship_server.obj
 0002:00003b70       _prs_put_control_bit       00455b70 f   ship_server.obj
 0002:00003c30       _prs_put_control_bit_nosave 00455c30 f   ship_server.obj
 0002:00003cb0       _prs_put_control_save      00455cb0 f   ship_server.obj
 0002:00003d20       _prs_put_static_data       00455d20 f   ship_server.obj
 0002:00003d70       _prs_get_static_data       00455d70 f   ship_server.obj
 0002:00003dd0       _prs_init                  00455dd0 f   ship_server.obj
 0002:00003e60       _prs_finish                00455e60 f   ship_server.obj
 0002:00003f20       _prs_rawbyte               00455f20 f   ship_server.obj
 0002:00003fb0       _prs_shortcopy             00455fb0 f   ship_server.obj
 0002:00004080       _prs_longcopy              00456080 f   ship_server.obj
 0002:000041d0       _prs_copy                  004561d0 f   ship_server.obj
 0002:00004270       _prs_compress              00456270 f   ship_server.obj
 0002:000044e0       _prs_decompress            004564e0 f   ship_server.obj
 0002:00004800       _prs_decompress_size       00456800 f   ship_server.obj
 0002:00004b00       _wstrlen                   00456b00 f   ship_server.obj
 0002:00004b60       _wstrcpy                   00456b60 f   ship_server.obj
 0002:00004be0       _wstrcpy_char              00456be0 f   ship_server.obj
 0002:00004c80       _packet_to_text            00456c80 f   ship_server.obj
 0002:00004f30       _display_packet            00456f30 f   ship_server.obj
 0002:00004fa0       _convertIPString           00456fa0 f   ship_server.obj
 0002:000051e0       _convertMask               004571e0 f   ship_server.obj
 0002:000053f0       _hexToByte                 004573f0 f   ship_server.obj
 0002:000054a0       _load_mask_file            004574a0 f   ship_server.obj
 0002:00005680       _load_config_file          00457680 f   ship_server.obj
 0002:00005ea0       _Send08                    00457ea0 f   ship_server.obj
 0002:000064e0       _ConstructBlockPacket      004584e0 f   ship_server.obj
 0002:00006870       _initialize_logon          00458870 f   ship_server.obj
 0002:00006970       _reconnect_logon           00458970 f   ship_server.obj
 0002:00006a90       _free_connection           00458a90 f   ship_server.obj
 0002:00006b10       _initialize_connection     00458b10 f   ship_server.obj
 0002:00006db0       _start_encryption          00458db0 f   ship_server.obj
 0002:000070c0       _SendToLobby               004590c0 f   ship_server.obj
 0002:000071c0       _removeClientFromLobby     004591c0 f   ship_server.obj
 0002:000074d0       _Send1A                    004594d0 f   ship_server.obj
 0002:00007640       _Send1D                    00459640 f   ship_server.obj
 0002:00007740       _Send83                    00459740 f   ship_server.obj
 0002:000077b0       _free_game                 004597b0 f   ship_server.obj
 0002:00007840       _ParseMapData              00459840 f   ship_server.obj
 0002:00009940       _LoadObjectData            0045b940 f   ship_server.obj
 0002:00009c50       _LoadMapData               0045bc50 f   ship_server.obj
 0002:00009d80       _initialize_game           0045bd80 f   ship_server.obj
 0002:0000c250       _Send64                    0045e250 f   ship_server.obj
 0002:0000c880       _Send67                    0045e880 f   ship_server.obj
 0002:0000cf40       _Send95                    0045ef40 f   ship_server.obj
 0002:0000d070       _qflag                     0045f070 f   ship_server.obj
 0002:0000d0f0       _qflag_ep1solo             0045f0f0 f   ship_server.obj
 0002:0000d190       _SendA2                    0045f190 f   ship_server.obj
 0002:0000e050       _SendA0                    00460050 f   ship_server.obj
 0002:0000e0c0       _Send07                    004600c0 f   ship_server.obj
 0002:0000e130       _SendB0                    00460130 f   ship_server.obj
 0002:0000e2a0       _BroadcastToAll            004602a0 f   ship_server.obj
 0002:0000e670       _GlobalBroadcast           00460670 f   ship_server.obj
 0002:0000e830       _SendEE                    00460830 f   ship_server.obj
 0002:0000e9a0       _Send19                    004609a0 f   ship_server.obj
 0002:0000ea80       _SendEA                    00460a80 f   ship_server.obj
 0002:0000f580       _MakePacketEA15            00461580 f   ship_server.obj
 0002:0000f6d0       _free_game_item            004616d0 f   ship_server.obj
 0002:0000f8d0       _UpdateGameItem            004618d0 f   ship_server.obj
 0002:0000f9e0       _SortClientItems           004619e0 f   ship_server.obj
 0002:0000fbd0       _CleanUpBank               00461bd0 f   ship_server.obj
 0002:0000fd90       _CleanUpInventory          00461d90 f   ship_server.obj
 0002:0000fed0       _CleanUpGameInventory      00461ed0 f   ship_server.obj
 0002:0000ffe0       _AddItemToClient           00461fe0 f   ship_server.obj
 0002:000104f0       _DeleteMesetaFromClient    004624f0 f   ship_server.obj
 0002:000107d0       _SendItemToEnd             004627d0 f   ship_server.obj
 0002:00010970       _DeleteItemFromClient      00462970 f   ship_server.obj
 0002:00010f80       _WithdrawFromBank          00462f80 f   ship_server.obj
 0002:00011640       _SortBankItems             00463640 f   ship_server.obj
 0002:00011930       _DepositIntoBank           00463930 f   ship_server.obj
 0002:00011f80       _DeleteFromInventory       00463f80 f   ship_server.obj
 0002:000124a0       _AddToInventory            004644a0 f   ship_server.obj
 0002:000129f0       _ShipSend04                004649f0 f   ship_server.obj
 0002:00012bf0       _ShipSend0E                00464bf0 f   ship_server.obj
 0002:00012ca0       _ShipSend0D                00464ca0 f   ship_server.obj
 0002:00012d40       _ShipSend0B                00464d40 f   ship_server.obj
 0002:00012ea0       _FixItem                   00464ea0 f   ship_server.obj
 0002:00013400       _LogonProcessPacket        00465400 f   ship_server.obj
 0002:00016c40       _AddPB                     00468c40 f   ship_server.obj
 0002:00016e70       _CheckMagEvolution         00468e70 f   ship_server.obj
 0002:000182f0       _FeedMag                   0046a2f0 f   ship_server.obj
 0002:000192f0       _CheckMaxGrind             0046b2f0 f   ship_server.obj
 0002:00019370       _UseItem                   0046b370 f   ship_server.obj
 0002:0001be60       _check_equip               0046de60 f   ship_server.obj
 0002:0001bf00       _EquipItem                 0046df00 f   ship_server.obj
 0002:0001c730       _DeequipItem               0046e730 f   ship_server.obj
 0002:0001cb90       _GetShopPrice              0046eb90 f   ship_server.obj
 0002:0001d270       _SkipToLevel               0046f270 f   ship_server.obj
 0002:0001d780       _AddExp                    0046f780 f   ship_server.obj
 0002:0001dcb0       _PrepGuildCard             0046fcb0 f   ship_server.obj
 0002:0001de10       _PreppedGuildCard          0046fe10 f   ship_server.obj
 0002:0001dfa0       _ban                       0046ffa0 f   ship_server.obj
 0002:0001e2a0       _stfu                      004702a0 f   ship_server.obj
 0002:0001e320       _toggle_stfu               00470320 f   ship_server.obj
 0002:0001e4a0       _Send60                    004704a0 f   ship_server.obj
 0002:000228d0       _ExpandDropRate            004748d0 f   ship_server.obj
 0002:00022940       _GenerateRandomAttributes  00474940 f   ship_server.obj
 0002:000235c0       _GenerateCommonItem        004755c0 f   ship_server.obj
 0002:00024730       _Send62                    00476730 f   ship_server.obj
 0002:00028880       _Send6D                    0047a880 f   ship_server.obj
 0002:00028d00       _Send01                    0047ad00 f   ship_server.obj
 0002:00028f00       _Unicode_to_ASCII          0047af00 f   ship_server.obj
 0002:00028fc0       _WriteLog                  0047afc0 f   ship_server.obj
 0002:000291c0       _WriteGM                   0047b1c0 f   ship_server.obj
 0002:000293c0       _Send06                    0047b3c0 f   ship_server.obj
 0002:0002c7d0       _CommandED                 0047e7d0 f   ship_server.obj
 0002:0002c9a0       _Command40                 0047e9a0 f   ship_server.obj
 0002:0002ca70       _Command09                 0047ea70 f   ship_server.obj
 0002:0002d610       _Command10                 0047f610 f   ship_server.obj
 0002:0002f630       _CommandD9                 00481630 f   ship_server.obj
 0002:0002f740       _AddGuildCard              00481740 f   ship_server.obj
 0002:0002f840       _DeleteGuildCard           00481840 f   ship_server.obj
 0002:0002f8e0       _ModifyGuildCardComment    004818e0 f   ship_server.obj
 0002:0002fa50       _SortGuildCard             00481a50 f   ship_server.obj
 0002:0002fb10       _CommandE8                 00481b10 f   ship_server.obj
 0002:0002fe90       _CommandD8                 00481e90 f   ship_server.obj
 0002:00030070       _Command81                 00482070 f   ship_server.obj
 0002:000301c0       _CreateTeam                004821c0 f   ship_server.obj
 0002:000302f0       _UpdateTeamFlag            004822f0 f   ship_server.obj
 0002:000303a0       _DissolveTeam              004823a0 f   ship_server.obj
 0002:00030430       _RemoveTeamMember          00482430 f   ship_server.obj
 0002:000304d0       _TeamChat                  004824d0 f   ship_server.obj
 0002:000305d0       _RequestTeamList           004825d0 f   ship_server.obj
 0002:00030670       _PromoteTeamMember         00482670 f   ship_server.obj
 0002:00030720       _AddTeamMember             00482720 f   ship_server.obj
 0002:000307c0       _CommandEA                 004827c0 f   ship_server.obj
 0002:00031500       _ShowArrows                00483500 f   ship_server.obj
 0002:000316c0       _BlockProcessPacket        004836c0 f   ship_server.obj
 0002:000330d0       _ShipProcessPacket         004850d0 f   ship_server.obj
 0002:00033510       _CalculateChecksum         00485510 f   ship_server.obj
 0002:000335e0       _LoadBattleParam           004855e0 f   ship_server.obj
 0002:00033770       _LoadQuests                00485770 f   ship_server.obj
 0002:00034ea0       _FreeCSV                   00486ea0 f   ship_server.obj
 0002:00034f90       _LoadCSV                   00486f90 f   ship_server.obj
 0002:00035370       _LoadArmorParam            00487370 f   ship_server.obj
 0002:000355f0       _LoadWeaponParam           004875f0 f   ship_server.obj
 0002:000357d0       _LoadTechParam             004877d0 f   ship_server.obj
 0002:00035950       _LoadShopData2             00487950 f   ship_server.obj
 0002:00035a20       _WndProc@16                00487a20 f   ship_server.obj
 0002:00035b70       _main                      00487b70 f   ship_server.obj
 0002:0003a040       _tcp_listen                0048c040 f   ship_server.obj
 0002:0003a0d0       _tcp_accept                0048c0d0 f   ship_server.obj
 0002:0003a150       _tcp_sock_connect          0048c150 f   ship_server.obj
 0002:0003a290       _tcp_sock_open             0048c290 f   ship_server.obj
 0002:0003a460       _debug_perror              0048c460 f   ship_server.obj
 0002:0003a4d0       _debug                     0048c4d0 f   ship_server.obj
 0002:0003a5d0       _pso_crypt_decrypt_bb      0048c5d0 f   ship_server.obj
 0002:0003a880       _pso_crypt_encrypt_bb      0048c880 f   ship_server.obj
 0002:0003ab30       _encryptcopy               0048cb30 f   ship_server.obj
 0002:0003ac70       _decryptcopy               0048cc70 f   ship_server.obj
 0002:0003acf0       _pso_crypt_table_init_bb   0048ccf0 f   ship_server.obj
 0002:0003bb00       _RleEncode                 0048db00 f   ship_server.obj
 0002:0003bca0       _RleDecode                 0048dca0 f   ship_server.obj
 0002:0003bdb0       _prepare_key               0048ddb0 f   ship_server.obj
 0002:0003bf20       _rc4                       0048df20 f   ship_server.obj
 0002:0003c0a0       _compressShipPacket        0048e0a0 f   ship_server.obj
 0002:0003c1d0       _decompressShipPacket      0048e1d0 f   ship_server.obj
 0002:0003c2ea       _gethostbyname@4           0048e2ea f   wsock32:WSOCK32.dll
 0002:0003c2f0       _closesocket@4             0048e2f0 f   wsock32:WSOCK32.dll
 0002:0003c2f6       _inet_ntoa@4               0048e2f6 f   wsock32:WSOCK32.dll
 0002:0003c2fc       _WSAGetLastError@0         0048e2fc f   wsock32:WSOCK32.dll
 0002:0003c302       _recv@16                   0048e302 f   wsock32:WSOCK32.dll
 0002:0003c308       _send@16                   0048e308 f   wsock32:WSOCK32.dll
 0002:0003c30e       ___WSAFDIsSet@8            0048e30e f   wsock32:WSOCK32.dll
 0002:0003c314       _select@20                 0048e314 f   wsock32:WSOCK32.dll
 0002:0003c31a       _WSAStartup@8              0048e31a f   wsock32:WSOCK32.dll
 0002:0003c320       _listen@8                  0048e320 f   wsock32:WSOCK32.dll
 0002:0003c326       _accept@12                 0048e326 f   wsock32:WSOCK32.dll
 0002:0003c32c       _connect@12                0048e32c f   wsock32:WSOCK32.dll
 0002:0003c332       _htons@4                   0048e332 f   wsock32:WSOCK32.dll
 0002:0003c338       _inet_addr@4               0048e338 f   wsock32:WSOCK32.dll
 0002:0003c33e       _socket@12                 0048e33e f   wsock32:WSOCK32.dll
 0002:0003c344       _bind@12                   0048e344 f   wsock32:WSOCK32.dll
 0002:0003c34a       _setsockopt@20             0048e34a f   wsock32:WSOCK32.dll
 0002:0003c350       _mts_lrand                 0048e350 f   mtwist:mtwist.obj
 0002:0003c430       _mts_llrand                0048e430 f   mtwist:mtwist.obj
 0002:0003c620       _mts_drand                 0048e620 f   mtwist:mtwist.obj
 0002:0003c730       _mts_ldrand                0048e730 f   mtwist:mtwist.obj
 0002:0003c960       _mt_lrand                  0048e960 f   mtwist:mtwist.obj
 0002:0003ca30       _mt_llrand                 0048ea30 f   mtwist:mtwist.obj
 0002:0003cbf0       _mt_drand                  0048ebf0 f   mtwist:mtwist.obj
 0002:0003ccf0       _mt_ldrand                 0048ecf0 f   mtwist:mtwist.obj
 0002:0003cef0       _mts_mark_initialized      0048eef0 f   mtwist:mtwist.obj
 0002:0003cfc0       _mts_seed32                0048efc0 f   mtwist:mtwist.obj
 0002:0003d090       _mts_seed32new             0048f090 f   mtwist:mtwist.obj
 0002:0003d190       _mts_seedfull              0048f190 f   mtwist:mtwist.obj
 0002:0003d260       _mts_seed                  0048f260 f   mtwist:mtwist.obj
 0002:0003d2c0       _mts_goodseed              0048f2c0 f   mtwist:mtwist.obj
 0002:0003d500       _mts_bestseed              0048f500 f   mtwist:mtwist.obj
 0002:0003d5f0       _mts_refresh               0048f5f0 f   mtwist:mtwist.obj
 0002:0003d8c0       _mts_savestate             0048f8c0 f   mtwist:mtwist.obj
 0002:0003d9a0       _mts_loadstate             0048f9a0 f   mtwist:mtwist.obj
 0002:0003dac0       _mt_seed32                 0048fac0 f   mtwist:mtwist.obj
 0002:0003db20       _mt_seed32new              0048fb20 f   mtwist:mtwist.obj
 0002:0003db80       _mt_seedfull               0048fb80 f   mtwist:mtwist.obj
 0002:0003dbe0       _mt_seed                   0048fbe0 f   mtwist:mtwist.obj
 0002:0003dc30       _mt_goodseed               0048fc30 f   mtwist:mtwist.obj
 0002:0003dc80       _mt_bestseed               0048fc80 f   mtwist:mtwist.obj
 0002:0003dcd0       _mt_getstate               0048fcd0 f   mtwist:mtwist.obj
 0002:0003dd10       _mt_savestate              0048fd10 f   mtwist:mtwist.obj
 0002:0003dd70       _mt_loadstate              0048fd70 f   mtwist:mtwist.obj
 0002:0003ddc4       _GetLocalTime@4            0048fdc4 f   kernel32:KERNEL32.dll
 0002:0003ddca       _SetConsoleTitleA@4        0048fdca f   kernel32:KERNEL32.dll
 0002:0003ddd0       _GetModuleHandleA@4        0048fdd0 f   kernel32:KERNEL32.dll
 0002:0003ddd6       _GetConsoleWindow@0        0048fdd6 f   kernel32:KERNEL32.dll
 0002:0003dddc       _SetFocus@4                0048fddc f   user32:USER32.dll
 0002:0003dde2       _SetForegroundWindow@4     0048fde2 f   user32:USER32.dll
 0002:0003dde8       _ShowWindow@8              0048fde8 f   user32:USER32.dll
 0002:0003ddee       _DefWindowProcA@16         0048fdee f   user32:USER32.dll
 0002:0003ddf4       _DispatchMessageA@4        0048fdf4 f   user32:USER32.dll
 0002:0003ddfa       _TranslateMessage@4        0048fdfa f   user32:USER32.dll
 0002:0003de00       _PeekMessageA@20           0048fe00 f   user32:USER32.dll
 0002:0003de06       _UpdateWindow@4            0048fe06 f   user32:USER32.dll
 0002:0003de0c       _CreateWindowExA@48        0048fe0c f   user32:USER32.dll
 0002:0003de12       _RegisterClassA@4          0048fe12 f   user32:USER32.dll
 0002:0003de18       _LoadCursorA@8             0048fe18 f   user32:USER32.dll
 0002:0003de1e       _LoadIconA@8               0048fe1e f   user32:USER32.dll
 0002:0003de24       _GetStockObject@4          0048fe24 f   gdi32:GDI32.dll
 0002:0003de2a       _Shell_NotifyIconA@8       0048fe2a f   shell32:SHELL32.dll
 0002:0003de30       _fclose                    0048fe30 f   LIBCMTD:fclose.obj
 0002:0003df80       __fclose_nolock            0048ff80 f   LIBCMTD:fclose.obj
 0002:0003e0c0       _atol                      004900c0 f   LIBCMTD:atox.obj
 0002:0003e0e0       __atol_l                   004900e0 f   LIBCMTD:atox.obj
 0002:0003e110       _atoi                      00490110 f   LIBCMTD:atox.obj
 0002:0003e130       __atoi_l                   00490130 f   LIBCMTD:atox.obj
 0002:0003e150       __atoi64                   00490150 f   LIBCMTD:atox.obj
 0002:0003e170       __atoi64_l                 00490170 f   LIBCMTD:atox.obj
 0002:0003e1a0       _strtok                    004901a0 f   LIBCMTD:strtok.obj
 0002:0003e340       _strstr                    00490340 f   LIBCMTD:strstr.obj
 0002:0003e3f0       _feof                      004903f0 f   LIBCMTD:feoferr.obj
 0002:0003e480       _ferror                    00490480 f   LIBCMTD:feoferr.obj
 0002:0003e510       _fgets                     00490510 f   LIBCMTD:fgets.obj
 0002:0003e980       __fsopen                   00490980 f   LIBCMTD:fopen.obj
 0002:0003ec10       _fopen                     00490c10 f   LIBCMTD:fopen.obj
 0002:0003ec30       _fopen_s                   00490c30 f   LIBCMTD:fopen.obj
 0002:0003ed00       _printf                    00490d00 f   LIBCMTD:printf.obj
 0002:0003ee90       __printf_l                 00490e90 f   LIBCMTD:printf.obj
 0002:0003eec0       __printf_s_l               00490ec0 f   LIBCMTD:printf.obj
 0002:0003eef0       _printf_s                  00490ef0 f   LIBCMTD:printf.obj
 0002:0003ef20       __printf_p_l               00490f20 f   LIBCMTD:printf.obj
 0002:0003ef50       __printf_p                 00490f50 f   LIBCMTD:printf.obj
 0002:0003ef80       __set_printf_count_output  00490f80 f   LIBCMTD:printf.obj
 0002:0003efe0       __get_printf_count_output  00490fe0 f   LIBCMTD:printf.obj
 0002:0003f010       __RTC_CheckEsp             00491010 f   LIBCMTD:_stack_.obj
 0002:0003f040       @_RTC_CheckStackVars@8     00491040 f   LIBCMTD:_stack_.obj
 0002:0003f0c0       @_RTC_AllocaHelper@12      004910c0 f   LIBCMTD:_stack_.obj
 0002:0003f100       @_RTC_CheckStackVars2@12   00491100 f   LIBCMTD:_stack_.obj
 0002:0003f210       @__security_check_cookie@4 00491210 f   LIBCMTD:secchk.obj
 0002:0003f230       __RTC_InitBase             00491230 f   LIBCMTD:_init_.obj
 0002:0003f270       __RTC_Shutdown             00491270 f   LIBCMTD:_init_.obj
 0002:0003f290       _memcmp                    00491290 f   LIBCMTD:memcmp.obj
 0002:0003ffb0       _memcpy                    00491fb0 f   LIBCMTD:memcpy.obj
 0002:000403f0       _sprintf                   004923f0 f   LIBCMTD:sprintf.obj
 0002:000405d0       __sprintf_l                004925d0 f   LIBCMTD:sprintf.obj
 0002:00040610       _sprintf_s                 00492610 f   LIBCMTD:sprintf.obj
 0002:00040650       __sprintf_s_l              00492650 f   LIBCMTD:sprintf.obj
 0002:00040690       __snprintf_s               00492690 f   LIBCMTD:sprintf.obj
 0002:000406d0       __snprintf_s_l             004926d0 f   LIBCMTD:sprintf.obj
 0002:00040710       __sprintf_p                00492710 f   LIBCMTD:sprintf.obj
 0002:00040750       __sprintf_p_l              00492750 f   LIBCMTD:sprintf.obj
 0002:00040790       __scprintf                 00492790 f   LIBCMTD:sprintf.obj
 0002:000407c0       __scprintf_p               004927c0 f   LIBCMTD:sprintf.obj
 0002:000407f0       __scprintf_l               004927f0 f   LIBCMTD:sprintf.obj
 0002:00040820       __scprintf_p_l             00492820 f   LIBCMTD:sprintf.obj
 0002:00040850       __crt_waiting_on_module_handle 00492850 f   LIBCMTD:crt0dat.obj
 0002:000408c0       __cinit                    004928c0 f   LIBCMTD:crt0dat.obj
 0002:00040990       _exit                      00492990 f   LIBCMTD:crt0dat.obj
 0002:000409b0       __exit                     004929b0 f   LIBCMTD:crt0dat.obj
 0002:000409d0       __cexit                    004929d0 f   LIBCMTD:crt0dat.obj
 0002:000409f0       __c_exit                   004929f0 f   LIBCMTD:crt0dat.obj
 0002:00040a10       __amsg_exit                00492a10 f   LIBCMTD:crt0dat.obj
 0002:00040a60       ___freeCrtMemory           00492a60 f   LIBCMTD:crt0dat.obj
 0002:00040e80       ___crtCorExitProcess       00492e80 f   LIBCMTD:crt0dat.obj
 0002:00040ed0       ___crtExitProcess          00492ed0 f   LIBCMTD:crt0dat.obj
 0002:00040f00       __lockexit                 00492f00 f   LIBCMTD:crt0dat.obj
 0002:00040f20       __unlockexit               00492f20 f   LIBCMTD:crt0dat.obj
 0002:00040f40       __init_pointers            00492f40 f   LIBCMTD:crt0dat.obj
 0002:00041030       __initterm_e               00493030 f   LIBCMTD:crt0dat.obj
 0002:00041080       __get_wpgmptr              00493080 f   LIBCMTD:crt0dat.obj
 0002:000411b0       __get_pgmptr               004931b0 f   LIBCMTD:crt0dat.obj
 0002:000412e0       __gets_helper              004932e0 f   LIBCMTD:gets.obj
 0002:000419c0       _gets_s                    004939c0 f   LIBCMTD:gets.obj
 0002:000419e0       _gets                      004939e0 f   LIBCMTD:gets.obj
 0002:00041a00       _memset                    00493a00 f   LIBCMTD:memset.obj
 0002:00041aa0       _strlen                    00493aa0 f   LIBCMTD:strlen.obj
 0002:00041b50       _strcpy                    00493b50 f   LIBCMTD:strcat.obj
 0002:00041b60       _strcat                    00493b60 f   LIBCMTD:strcat.obj
 0002:00041c90       __itoa                     00493c90 f   LIBCMTD:xtoa.obj
 0002:00041de0       __ltoa                     00493de0 f   LIBCMTD:xtoa.obj
 0002:00041e30       __ultoa                    00493e30 f   LIBCMTD:xtoa.obj
 0002:00041e60       __i64toa                   00493e60 f   LIBCMTD:xtoa.obj
 0002:00042000       __ui64toa                  00494000 f   LIBCMTD:xtoa.obj
 0002:00042030       __time64                   00494030 f   LIBCMTD:time64.obj
 0002:000420d0       _free                      004940d0 f   LIBCMTD:dbgfree.obj
 0002:000420f0       _strcmp                    004940f0 f   LIBCMTD:strcmp.obj
 0002:000421a0       __fpmath                   004941a0 f   LIBCMTD:_fpinit_.obj
 0002:000421d0       __fpclear                  004941d0 f   LIBCMTD:_fpinit_.obj
 0002:000421e0       __cfltcvt_init             004941e0 f   LIBCMTD:_fpinit_.obj
 0002:00042270       ___setfflag                00494270 f   LIBCMTD:_fpinit_.obj
 0002:000422a0       _fread_s                   004942a0 f   LIBCMTD:fread.obj
 0002:00042420       __fread_nolock_s           00494420 f   LIBCMTD:fread.obj
 0002:00042b70       _fread                     00494b70 f   LIBCMTD:fread.obj
 0002:00042ba0       __fread_nolock             00494ba0 f   LIBCMTD:fread.obj
 0002:00042bd0       _ftell                     00494bd0 f   LIBCMTD:ftell.obj
 0002:00042cf0       __ftell_nolock             00494cf0 f   LIBCMTD:ftell.obj
 0002:00043070       _fseek                     00495070 f   LIBCMTD:fseek.obj
 0002:00043240       __fseek_nolock             00495240 f   LIBCMTD:fseek.obj
 0002:00043360       _DebuggerKnownHandle       00495360 f   LIBCMTD:_error_.obj
 0002:00043440       ?_RTC_Failure@@YAXPAXH@Z   00495440 f   LIBCMTD:_error_.obj
 0002:00043810       ?_RTC_StackFailure@@YAXPAXPBD@Z 00495810 f   LIBCMTD:_error_.obj
 0002:00043950       ?_RTC_AllocaFailure@@YAXPAXPAU_RTC_ALLOCA_NODE@@H@Z 00495950 f   LIBCMTD:_error_.obj
 0002:00043b60       __RTC_UninitUse            00495b60 f   LIBCMTD:_error_.obj
 0002:00043c90       _malloc                    00495c90 f   LIBCMTD:dbgmalloc.obj
 0002:00043cd0       __ftol2_sse                00495cd0 f   LIBCMTD:ftol2.obj
 0002:00043cd9       __ftol2_pentium4           00495cd9 f   LIBCMTD:ftol2.obj
 0002:00043cec       __ftol2_sse_excpt          00495cec f   LIBCMTD:ftol2.obj
 0002:00043d06       __ftol2                    00495d06 f   LIBCMTD:ftol2.obj
 0002:00043db0       _fwrite                    00495db0 f   LIBCMTD:fwrite.obj
 0002:00043f00       __fwrite_nolock            00495f00 f   LIBCMTD:fwrite.obj
 0002:000443c0       _fprintf                   004963c0 f   LIBCMTD:fprintf.obj
 0002:00044710       __fprintf_l                00496710 f   LIBCMTD:fprintf.obj
 0002:00044750       __fprintf_s_l              00496750 f   LIBCMTD:fprintf.obj
 0002:00044790       _fprintf_s                 00496790 f   LIBCMTD:fprintf.obj
 0002:000447c0       __fprintf_p_l              004967c0 f   LIBCMTD:fprintf.obj
 0002:00044800       __fprintf_p                00496800 f   LIBCMTD:fprintf.obj
 0002:00044830       __vsprintf_l               00496830 f   LIBCMTD:vsprintf.obj
 0002:00044a00       _vsprintf                  00496a00 f   LIBCMTD:vsprintf.obj
 0002:00044a30       __vscprintf_helper         00496a30 f   LIBCMTD:vsprintf.obj
 0002:00044b20       __vscprintf                00496b20 f   LIBCMTD:vsprintf.obj
 0002:00044b50       __vscprintf_l              00496b50 f   LIBCMTD:vsprintf.obj
 0002:00044b80       __vscprintf_p              00496b80 f   LIBCMTD:vsprintf.obj
 0002:00044bb0       __vscprintf_p_l            00496bb0 f   LIBCMTD:vsprintf.obj
 0002:00044be0       __alloca_probe             00496be0     LIBCMTD:chkstk.obj
 0002:00044be0       __chkstk                   00496be0 f   LIBCMTD:chkstk.obj
 0002:00044c20       __strupr_l                 00496c20 f   LIBCMTD:strupr.obj
 0002:00044c50       __strupr                   00496c50 f   LIBCMTD:strupr.obj
 0002:00044d60       __strupr_s_l               00496d60 f   LIBCMTD:strupr.obj
 0002:00044db0       ??0_LocaleUpdate@@QAE@PAUlocaleinfo_struct@@@Z 00496db0 f i LIBCMTD:strupr.obj
 0002:00044ec0       ??1_LocaleUpdate@@QAE@XZ   00496ec0 f i LIBCMTD:strupr.obj
 0002:00044f00       ?GetLocaleT@_LocaleUpdate@@QAEPAUlocaleinfo_struct@@XZ 00496f00 f i LIBCMTD:strupr.obj
 0002:00045450       __MarkAllocaS              00497450 f i LIBCMTD:strupr.obj
 0002:00045480       __freea                    00497480 f i LIBCMTD:strupr.obj
 0002:000454d0       __strupr_s                 004974d0 f   LIBCMTD:strupr.obj
 0002:000454f0       _strcspn                   004974f0 f   LIBCMTD:strcspn.obj
 0002:00045550       _strerror                  00497550 f   LIBCMTD:strerror.obj
 0002:00045620       __invoke_watson_if_error   00497620 f i LIBCMTD:strerror.obj
 0002:00045660       __get_sys_err_msg          00497660 f i LIBCMTD:strerror.obj
 0002:000456b0       _strerror_s                004976b0 f   LIBCMTD:strerror.obj
 0002:00045820       __dosmaperr                00497820 f   LIBCMTD:dosmap.obj
 0002:00045860       __get_errno_from_oserr     00497860 f   LIBCMTD:dosmap.obj
 0002:00045900       __set_errno                00497900 f   LIBCMTD:dosmap.obj
 0002:00045940       __get_errno                00497940 f   LIBCMTD:dosmap.obj
 0002:000459e0       __set_doserrno             004979e0 f   LIBCMTD:dosmap.obj
 0002:00045a20       __get_doserrno             00497a20 f   LIBCMTD:dosmap.obj
 0002:00045ac0       __errno                    00497ac0 f   LIBCMTD:dosmap.obj
 0002:00045af0       ___doserrno                00497af0 f   LIBCMTD:dosmap.obj
 0002:00045b20       ___iob_func                00497b20 f   LIBCMTD:_file.obj
 0002:00045b30       ___initstdio               00497b30 f   LIBCMTD:_file.obj
 0002:00045cd0       ___endstdio                00497cd0 f   LIBCMTD:_file.obj
 0002:00045d10       __lock_file                00497d10 f   LIBCMTD:_file.obj
 0002:00045d80       __lock_file2               00497d80 f   LIBCMTD:_file.obj
 0002:00045dd0       __unlock_file              00497dd0 f   LIBCMTD:_file.obj
 0002:00045e40       __unlock_file2             00497e40 f   LIBCMTD:_file.obj
 0002:00045e90       _mainCRTStartup            00497e90 f   LIBCMTD:crt0.obj
 0002:00046190       __allshl                   00498190 f   LIBCMTD:llshl.obj
 0002:000461c0       _abort                     004981c0 f   LIBCMTD:abort.obj
 0002:00046340       __set_abort_behavior       00498340 f   LIBCMTD:abort.obj
 0002:00046380       __ftime64_s                00498380 f   LIBCMTD:ftime64.obj
 0002:00046600       __ftime64                  00498600 f   LIBCMTD:ftime64.obj
 0002:00046620       __allmul                   00498620 f   LIBCMTD:llmul.obj
 0002:00046670       _vfscanf                   00498670 f   LIBCMTD:fscanf.obj
 0002:00046990       _fscanf                    00498990 f   LIBCMTD:fscanf.obj
 0002:000469d0       __fscanf_l                 004989d0 f   LIBCMTD:fscanf.obj
 0002:00046a10       _fscanf_s                  00498a10 f   LIBCMTD:fscanf.obj
 0002:00046a50       __fscanf_s_l               00498a50 f   LIBCMTD:fscanf.obj
 0002:00046a90       __initp_misc_invarg        00498a90 f   LIBCMTD:invarg.obj
 0002:00046ab0       __invalid_parameter        00498ab0 f   LIBCMTD:invarg.obj
 0002:00046b40       __invoke_watson            00498b40 f   LIBCMTD:invarg.obj
 0002:00046ce0       __set_invalid_parameter_handler 00498ce0 f   LIBCMTD:invarg.obj
 0002:00046d40       __get_invalid_parameter_handler 00498d40 f   LIBCMTD:invarg.obj
 0002:00046d80       ?_invalid_parameter@@YAXPBG00II@Z 00498d80 f   LIBCMTD:invarg.obj
 0002:00046db0       ?_invoke_watson@@YAXPBG00II@Z 00498db0 f   LIBCMTD:invarg.obj
 0002:00046de0       __CrtSetReportHookW2       00498de0 f   LIBCMTD:dbgrptw.obj
 0002:000471d0       __CrtDbgReportW            004991d0 f   LIBCMTD:dbgrptw.obj
 0002:00047220       __CrtDbgReportWV           00499220 f i LIBCMTD:dbgrptw.obj
 0002:00047250       ___crtMessageWindowW       00499250 f   LIBCMTD:dbgrptw.obj
 0002:00047750       __invoke_watson_if_oneof   00499750 f i LIBCMTD:dbgrptw.obj
 0002:000477b0       ?_CrtDbgReportW@@YAHHPBGH00ZZ 004997b0 f   LIBCMTD:dbgrptw.obj
 0002:00047800       __except_handler4          00499800 f   LIBCMTD:chandler4.obj
 0002:00047ab0       __malloc_dbg               00499ab0 f   LIBCMTD:dbgheap.obj
 0002:00047af0       __nh_malloc                00499af0 f   LIBCMTD:dbgheap.obj
 0002:00047b20       __nh_malloc_dbg            00499b20 f   LIBCMTD:dbgheap.obj
 0002:00047c10       __heap_alloc               00499c10 f   LIBCMTD:dbgheap.obj
 0002:000480d0       __heap_alloc_dbg           0049a0d0 f   LIBCMTD:dbgheap.obj
 0002:00048140       __calloc_dbg_impl          0049a140 f   LIBCMTD:dbgheap.obj
 0002:00048240       __calloc_dbg               0049a240 f   LIBCMTD:dbgheap.obj
 0002:000482b0       __recalloc                 0049a2b0 f   LIBCMTD:dbgheap.obj
 0002:000482f0       __realloc_dbg              0049a2f0 f   LIBCMTD:dbgheap.obj
 0002:00048b30       __recalloc_dbg             0049ab30 f   LIBCMTD:dbgheap.obj
 0002:00048c70       __expand                   0049ac70 f   LIBCMTD:dbgheap.obj
 0002:00048ca0       __expand_dbg               0049aca0 f   LIBCMTD:dbgheap.obj
 0002:00048df0       __free_nolock              0049adf0 f   LIBCMTD:dbgheap.obj
 0002:00048e10       __free_dbg                 0049ae10 f   LIBCMTD:dbgheap.obj
 0002:00048eb0       __free_dbg_nolock          0049aeb0 f   LIBCMTD:dbgheap.obj
 0002:000494d0       __msize                    0049b4d0 f   LIBCMTD:dbgheap.obj
 0002:000494f0       __msize_dbg                0049b4f0 f   LIBCMTD:dbgheap.obj
 0002:00049750       __CrtSetBreakAlloc         0049b750 f   LIBCMTD:dbgheap.obj
 0002:00049780       __CrtSetDbgBlockType       0049b780 f   LIBCMTD:dbgheap.obj
 0002:000498a0       __CrtSetAllocHook          0049b8a0 f   LIBCMTD:dbgheap.obj
 0002:000498d0       __CrtGetAllocHook          0049b8d0 f   LIBCMTD:dbgheap.obj
 0002:00049940       __CrtCheckMemory           0049b940 f   LIBCMTD:dbgheap.obj
 0002:00049eb0       __CrtSetDbgFlag            0049beb0 f   LIBCMTD:dbgheap.obj
 0002:0004a050       __CrtDoForAllClientObjects 0049c050 f   LIBCMTD:dbgheap.obj
 0002:0004a1c0       __CrtIsValidPointer        0049c1c0 f   LIBCMTD:dbgheap.obj
 0002:0004a1e0       __CrtIsValidHeapPointer    0049c1e0 f   LIBCMTD:dbgheap.obj
 0002:0004a2a0       __CrtIsMemoryBlock         0049c2a0 f   LIBCMTD:dbgheap.obj
 0002:0004a470       __CrtReportBlockType       0049c470 f   LIBCMTD:dbgheap.obj
 0002:0004a4b0       __CrtSetDumpClient         0049c4b0 f   LIBCMTD:dbgheap.obj
 0002:0004a4e0       __CrtGetDumpClient         0049c4e0 f   LIBCMTD:dbgheap.obj
 0002:0004a4f0       __CrtMemCheckpoint         0049c4f0 f   LIBCMTD:dbgheap.obj
 0002:0004a790       __CrtMemDifference         0049c790 f   LIBCMTD:dbgheap.obj
 0002:0004aa30       __CrtMemDumpAllObjectsSince 0049ca30 f   LIBCMTD:dbgheap.obj
 0002:0004b060       __CrtDumpMemoryLeaks       0049d060 f   LIBCMTD:dbgheap.obj
 0002:0004b0f0       __CrtMemDumpStatistics     0049d0f0 f   LIBCMTD:dbgheap.obj
 0002:0004b240       __aligned_malloc           0049d240 f   LIBCMTD:dbgheap.obj
 0002:0004b270       __aligned_malloc_dbg       0049d270 f   LIBCMTD:dbgheap.obj
 0002:0004b2a0       __aligned_realloc          0049d2a0 f   LIBCMTD:dbgheap.obj
 0002:0004b2d0       __aligned_recalloc         0049d2d0 f   LIBCMTD:dbgheap.obj
 0002:0004b300       __aligned_realloc_dbg      0049d300 f   LIBCMTD:dbgheap.obj
 0002:0004b330       __aligned_recalloc_dbg     0049d330 f   LIBCMTD:dbgheap.obj
 0002:0004b370       __aligned_offset_malloc    0049d370 f   LIBCMTD:dbgheap.obj
 0002:0004b3a0       __aligned_offset_malloc_dbg 0049d3a0 f   LIBCMTD:dbgheap.obj
 0002:0004b5b0       __aligned_offset_realloc   0049d5b0 f   LIBCMTD:dbgheap.obj
 0002:0004b5e0       __aligned_offset_recalloc  0049d5e0 f   LIBCMTD:dbgheap.obj
 0002:0004b610       __aligned_offset_realloc_dbg 0049d610 f   LIBCMTD:dbgheap.obj
 0002:0004b990       __aligned_offset_recalloc_dbg 0049d990 f   LIBCMTD:dbgheap.obj
 0002:0004bae0       __aligned_free             0049dae0 f   LIBCMTD:dbgheap.obj
 0002:0004bb00       __aligned_free_dbg         0049db00 f   LIBCMTD:dbgheap.obj
 0002:0004bbe0       __CrtSetDebugFillThreshold 0049dbe0 f   LIBCMTD:dbgheap.obj
 0002:0004bc10       __CrtSetCheckCount         0049dc10 f   LIBCMTD:dbgheap.obj
 0002:0004bc30       __CrtGetCheckCount         0049dc30 f   LIBCMTD:dbgheap.obj
 0002:0004bc40       __aligned_msize            0049dc40 f   LIBCMTD:dbgheap.obj
 0002:0004bc70       __aligned_msize_dbg        0049dc70 f   LIBCMTD:dbgheap.obj
 0002:0004bdc0       __close                    0049ddc0 f   LIBCMTD:close.obj
 0002:0004c060       __close_nolock             0049e060 f   LIBCMTD:close.obj
 0002:0004c160       __fileno                   0049e160 f   LIBCMTD:fileno.obj
 0002:0004c1f0       __freebuf                  0049e1f0 f   LIBCMTD:_freebuf.obj
 0002:0004c2a0       _fflush                    0049e2a0 f   LIBCMTD:fflush.obj
 0002:0004c360       __fflush_nolock            0049e360 f   LIBCMTD:fflush.obj
 0002:0004c3d0       __flush                    0049e3d0 f   LIBCMTD:fflush.obj
 0002:0004c4c0       __flushall                 0049e4c0 f   LIBCMTD:fflush.obj
 0002:0004c6f0       _strtol                    0049e6f0 f   LIBCMTD:strtol.obj
 0002:0004cd70       __strtol_l                 0049ed70 f   LIBCMTD:strtol.obj
 0002:0004cda0       _strtoul                   0049eda0 f   LIBCMTD:strtol.obj
 0002:0004ce00       __strtoul_l                0049ee00 f   LIBCMTD:strtol.obj
 0002:0004ce30       __strtoi64                 0049ee30 f   LIBCMTD:strtoq.obj
 0002:0004d500       __strtoi64_l               0049f500 f   LIBCMTD:strtoq.obj
 0002:0004d530       __strtoui64                0049f530 f   LIBCMTD:strtoq.obj
 0002:0004d590       __strtoui64_l              0049f590 f   LIBCMTD:strtoq.obj
 0002:0004d5c0       __encode_pointer           0049f5c0 f   LIBCMTD:tidtable.obj
 0002:0004d680       __crt_wait_module_handle   0049f680 f i LIBCMTD:tidtable.obj
 0002:0004d6c0       __encoded_null             0049f6c0 f   LIBCMTD:tidtable.obj
 0002:0004d6e0       __decode_pointer           0049f6e0 f   LIBCMTD:tidtable.obj
 0002:0004d7a0       ___crtTlsAlloc@4           0049f7a0 f   LIBCMTD:tidtable.obj
 0002:0004d7c0       ___fls_getvalue@4          0049f7c0 f   LIBCMTD:tidtable.obj
 0002:0004d7f0       ___get_flsindex            0049f7f0 f   LIBCMTD:tidtable.obj
 0002:0004d800       ___set_flsgetvalue         0049f800 f   LIBCMTD:tidtable.obj
 0002:0004d860       ___fls_setvalue@8          0049f860 f   LIBCMTD:tidtable.obj
 0002:0004d890       __mtinit                   0049f890 f   LIBCMTD:tidtable.obj
 0002:0004db20       __mtterm                   0049fb20 f   LIBCMTD:tidtable.obj
 0002:0004db90       __initptd                  0049fb90 f   LIBCMTD:tidtable.obj
 0002:0004dd40       __getptd_noexit            0049fd40 f   LIBCMTD:tidtable.obj
 0002:0004de30       __getptd                   0049fe30 f   LIBCMTD:tidtable.obj
 0002:0004de60       __freefls@4                0049fe60 f   LIBCMTD:tidtable.obj
 0002:0004e0f0       __freeptd                  004a00f0 f   LIBCMTD:tidtable.obj
 0002:0004e190       ___threadid                004a0190 f   LIBCMTD:tidtable.obj
 0002:0004e1a0       ___threadhandle            004a01a0 f   LIBCMTD:tidtable.obj
 0002:0004e1c0       _strchr                    004a01c0 f   LIBCMTD:strchr.obj
 0002:0004e1c6       ___from_strstr_to_strchr   004a01c6     LIBCMTD:strchr.obj
 0002:0004e2c0       __filbuf                   004a02c0 f   LIBCMTD:_filbuf.obj
 0002:0004e5a0       __ioinit                   004a05a0 f   LIBCMTD:ioinit.obj
 0002:0004eb70       __ioterm                   004a0b70 f   LIBCMTD:ioinit.obj
 0002:0004ec40       __openfile                 004a0c40 f   LIBCMTD:_open.obj
 0002:0004f5f0       __getstream                004a15f0 f   LIBCMTD:stream.obj
 0002:0004f8e4       __local_unwind4            004a18e4 f   LIBCMTD:exsup4.obj
 0002:0004f9ba       __seh_longjmp_unwind4@4    004a19ba f   LIBCMTD:exsup4.obj
 0002:0004f9d6       @_EH4_CallFilterFunc@8     004a19d6 f   LIBCMTD:exsup4.obj
 0002:0004f9ed       @_EH4_TransferToHandler@8  004a19ed f   LIBCMTD:exsup4.obj
 0002:0004fa06       @_EH4_GlobalUnwind@4       004a1a06 f   LIBCMTD:exsup4.obj
 0002:0004fa20       @_EH4_LocalUnwind@16       004a1a20 f   LIBCMTD:exsup4.obj
 0002:0004fa90       __stbuf                    004a1a90 f   LIBCMTD:_sftbuf.obj
 0002:0004fc40       __ftbuf                    004a1c40 f   LIBCMTD:_sftbuf.obj
 0002:0004fcf0       __output_l                 004a1cf0 f   LIBCMTD:output.obj
 0002:00051630       _get_int_arg               004a3630 f i LIBCMTD:output.obj
 0002:00051660       _get_int64_arg             004a3660 f i LIBCMTD:output.obj
 0002:00051690       _get_short_arg             004a3690 f i LIBCMTD:output.obj
 0002:000516c0       _vprintf_helper            004a36c0 f   LIBCMTD:vprintf.obj
 0002:00051820       __vprintf_l                004a3820 f   LIBCMTD:vprintf.obj
 0002:00051850       __vprintf_s_l              004a3850 f   LIBCMTD:vprintf.obj
 0002:00051880       __vprintf_p_l              004a3880 f   LIBCMTD:vprintf.obj
 0002:000518b0       _vprintf                   004a38b0 f   LIBCMTD:vprintf.obj
 0002:000518e0       _vprintf_s                 004a38e0 f   LIBCMTD:vprintf.obj
 0002:00051910       __vprintf_p                004a3910 f   LIBCMTD:vprintf.obj
 0002:00051940       ___report_gsfailure        004a3940 f   LIBCMTD:gs_report.obj
 0002:00051aa0       __RTC_NumErrors            004a3aa0 f   LIBCMTD:_userapi_.obj
 0002:00051ab0       __RTC_GetErrDesc           004a3ab0 f   LIBCMTD:_userapi_.obj
 0002:00051ad0       __RTC_SetErrorType         004a3ad0 f   LIBCMTD:_userapi_.obj
 0002:00051b00       __RTC_SetErrorFunc         004a3b00 f   LIBCMTD:_userapi_.obj
 0002:00051b30       __RTC_SetErrorFuncW        004a3b30 f   LIBCMTD:_userapi_.obj
 0002:00051b60       ?_RTC_GetErrorFunc@@YAP6AHHPBDH00ZZPBX@Z 004a3b60 f   LIBCMTD:_userapi_.obj
 0002:00051b70       ?_RTC_GetErrorFuncW@@YAP6AHHPB_WH00ZZPBX@Z 004a3b70 f   LIBCMTD:_userapi_.obj
 0002:00051b80       __chkesp                   004a3b80 f   LIBCMTD:chkesp.obj
 0002:00051bd0       __CRT_RTC_INIT             004a3bd0 f   LIBCMTD:chkesp.obj
 0002:00051be0       __CRT_RTC_INITW            004a3be0 f   LIBCMTD:chkesp.obj
 0002:00051bf0       __VEC_memcpy               004a3bf0 f   LIBCMTD:p4_memcpy.obj
 0002:00051dc0       __get_sse2_info            004a3dc0 f   LIBCMTD:cpu_disp.obj
 0002:00051f30       ___sse2_available_init     004a3f30 f   LIBCMTD:cpu_disp.obj
 0002:00051f50       __flsbuf                   004a3f50 f   LIBCMTD:_flsbuf.obj
 0002:000522c0       __vsnprintf_helper         004a42c0 f   LIBCMTD:vsnprnc.obj
 0002:00052500       __vsnprintf_c              004a4500 f   LIBCMTD:vsnprnc.obj
 0002:00052560       __vsnprintf_c_l            004a4560 f   LIBCMTD:vsnprnc.obj
 0002:000525c0       __vsprintf_s_l             004a45c0 f   LIBCMTD:vsnprnc.obj
 0002:000528c0       _vsprintf_s                004a48c0 f   LIBCMTD:vsnprnc.obj
 0002:000528f0       __vsnprintf_s_l            004a48f0 f   LIBCMTD:vsnprnc.obj
 0002:00052d70       __vsnprintf_s              004a4d70 f   LIBCMTD:vsnprnc.obj
 0002:00052da0       __vsprintf_p               004a4da0 f   LIBCMTD:vsnprnc.obj
 0002:00052e00       __vsprintf_p_l             004a4e00 f   LIBCMTD:vsnprnc.obj
 0002:00052e60       __onexit                   004a4e60 f   LIBCMTD:onexit.obj
 0002:000530b0       _atexit                    004a50b0 f   LIBCMTD:onexit.obj
 0002:000530e0       ___onexitinit              004a50e0 f   LIBCMTD:onexit.obj
 0002:00053150       __RTC_Initialize           004a5150 f   LIBCMTD:_initsect_.obj
 0002:00053180       __RTC_Terminate            004a5180 f   LIBCMTD:_initsect_.obj
 0002:000531b0       __initp_misc_cfltcvt_tab   004a51b0 f   LIBCMTD:cmiscdat.obj
 0002:00053210       __ValidateImageBase        004a5210 f   LIBCMTD:pesect.obj
 0002:00053290       __FindPESection            004a5290 f   LIBCMTD:pesect.obj
 0002:00053330       __IsNonwritableInCurrentImage 004a5330 f   LIBCMTD:pesect.obj
 0002:00053490       __FF_MSGBANNER             004a5490 f   LIBCMTD:crt0msg.obj
 0002:000534f0       __NMSG_WRITE               004a54f0 f   LIBCMTD:crt0msg.obj
 0002:00053830       __GET_RTERRMSG             004a5830 f   LIBCMTD:crt0msg.obj
 0002:00053890       ___updatetmbcinfo          004a5890 f   LIBCMTD:mbctype.obj
 0002:000539e0       __setmbcp                  004a59e0 f   LIBCMTD:mbctype.obj
 0002:00053e70       __setmbcp_nolock           004a5e70 f   LIBCMTD:mbctype.obj
 0002:00054850       __getmbcp                  004a6850 f   LIBCMTD:mbctype.obj
 0002:000548e0       ___initmbctable            004a68e0 f   LIBCMTD:mbctype.obj
 0002:00054910       __mtinitlocks              004a6910 f   LIBCMTD:mlock.obj
 0002:000549c0       __mtdeletelocks            004a69c0 f   LIBCMTD:mlock.obj
 0002:00054ab0       __mtinitlocknum            004a6ab0 f   LIBCMTD:mlock.obj
 0002:00054c50       __lock                     004a6c50 f   LIBCMTD:mlock.obj
 0002:00054ca0       __unlock                   004a6ca0 f   LIBCMTD:mlock.obj
 0002:00054cc0       __lockerr_exit             004a6cc0 f   LIBCMTD:mlock.obj
 0002:00054cf0       __initp_eh_hooks           004a6cf0 f   LIBCMTD:hooks.obj
 0002:00054d10       ?terminate@@YAXXZ          004a6d10 f   LIBCMTD:hooks.obj
 0002:00054db0       ?unexpected@@YAXXZ         004a6db0 f   LIBCMTD:hooks.obj
 0002:00054de0       ?_inconsistency@@YAXXZ     004a6de0 f   LIBCMTD:hooks.obj
 0002:00054e90       __initp_misc_winxfltr      004a6e90 f   LIBCMTD:winxfltr.obj
 0002:00054ea0       ___CppXcptFilter           004a6ea0 f   LIBCMTD:winxfltr.obj
 0002:00054ed0       __XcptFilter               004a6ed0 f   LIBCMTD:winxfltr.obj
 0002:00055180       __initp_misc_winsig        004a7180 f   LIBCMTD:winsig.obj
 0002:000551c0       _signal                    004a71c0 f   LIBCMTD:winsig.obj
 0002:00055790       _raise                     004a7790 f   LIBCMTD:winsig.obj
 0002:00055be0       ___get_sigabrt             004a7be0 f   LIBCMTD:winsig.obj
 0002:00055c00       ___fpecode                 004a7c00 f   LIBCMTD:winsig.obj
 0002:00055c20       ___pxcptinfoptrs           004a7c20 f   LIBCMTD:winsig.obj
 0002:00055c40       __initp_misc_rand_s        004a7c40 f   LIBCMTD:rand_s.obj
 0002:00055c60       _rand_s                    004a7c60 f   LIBCMTD:rand_s.obj
 0002:00055f10       ___getlocaleinfo           004a7f10 f   LIBCMTD:inithelp.obj
 0002:00056260       __initp_misc_purevirt      004a8260 f   LIBCMTD:inithelp.obj
 0002:00056280       __initp_misc_initcrit      004a8280 f   LIBCMTD:initcrit.obj
 0002:000562a0       ___crtInitCritSecAndSpinCount 004a82a0 f   LIBCMTD:initcrit.obj
 0002:00056370       __initp_heap_handler       004a8370 f   LIBCMTD:handler.obj
 0002:00056390       ?_set_new_handler@@YAP6AHI@ZP6AHI@Z@Z 004a8390 f   LIBCMTD:handler.obj
 0002:000563f0       ?_set_new_handler@@YAP6AHI@ZH@Z 004a83f0 f   LIBCMTD:handler.obj
 0002:00056440       ?_query_new_handler@@YAP6AHI@ZXZ 004a8440 f   LIBCMTD:handler.obj
 0002:00056460       __callnewh                 004a8460 f   LIBCMTD:handler.obj
 0002:000564b0       __VEC_memzero              004a84b0 f   LIBCMTD:p4_memset.obj
 0002:000565e0       __aulldiv                  004a85e0 f   LIBCMTD:ulldiv.obj
 0002:00056670       __aullrem                  004a8670 f   LIBCMTD:ullrem.obj
 0002:00056710       __setdefaultprecision      004a8710 f   LIBCMTD:fp8.obj
 0002:00056760       __ms_p5_test_fdiv          004a8760 f   LIBCMTD:_testfdiv_.obj
 0002:000567c0       __ms_p5_mp_test_fdiv       004a87c0 f   LIBCMTD:_testfdiv_.obj
 0002:00056820       __forcdecpt                004a8820 f   LIBCMTD:cvt.obj
 0002:00056840       __forcdecpt_l              004a8840 f   LIBCMTD:cvt.obj
 0002:00056930       __cropzeros                004a8930 f   LIBCMTD:cvt.obj
 0002:00056950       __cropzeros_l              004a8950 f   LIBCMTD:cvt.obj
 0002:00056aa0       __positive                 004a8aa0 f   LIBCMTD:cvt.obj
 0002:00056ae0       __fassign_l                004a8ae0 f   LIBCMTD:cvt.obj
 0002:00056b50       __fassign                  004a8b50 f   LIBCMTD:cvt.obj
 0002:00056b80       __cftoe_l                  004a8b80 f   LIBCMTD:cvt.obj
 0002:00057220       __cftoe                    004a9220 f   LIBCMTD:cvt.obj
 0002:00057250       __cftoa_l                  004a9250 f   LIBCMTD:cvt.obj
 0002:00057c10       ?strrchr@@YAPADPADH@Z      004a9c10 f i LIBCMTD:cvt.obj
 0002:00057c30       __cftoa                    004a9c30 f   LIBCMTD:cvt.obj
 0002:00057c60       __cftof_l                  004a9c60 f   LIBCMTD:cvt.obj
 0002:00058160       __cftof                    004aa160 f   LIBCMTD:cvt.obj
 0002:00058190       __cftog_l                  004aa190 f   LIBCMTD:cvt.obj
 0002:00058450       __cftog                    004aa450 f   LIBCMTD:cvt.obj
 0002:00058480       __cfltcvt_l                004aa480 f   LIBCMTD:cvt.obj
 0002:00058570       __cfltcvt                  004aa570 f   LIBCMTD:cvt.obj
 0002:000585f0       __read                     004aa5f0 f   LIBCMTD:read.obj
 0002:00058930       __read_nolock              004aa930 f   LIBCMTD:read.obj
 0002:00059c50       _memcpy_s                  004abc50 f   LIBCMTD:memcpy_s.obj
 0002:00059e40       __lseek                    004abe40 f   LIBCMTD:lseek.obj
 0002:0005a0f0       __lseek_nolock             004ac0f0 f   LIBCMTD:lseek.obj
 0002:0005a200       ?_RTC_GetSrcLine@@YAHPAEPA_WKPAH1K@Z 004ac200 f   LIBCMTD:_pdblkup_.obj
 0002:0005a7c0       __write                    004ac7c0 f   LIBCMTD:write.obj
 0002:0005aa70       __write_nolock             004aca70 f   LIBCMTD:write.obj
 0002:0005b880       _vfprintf_helper           004ad880 f   LIBCMTD:vfprintf.obj
 0002:0005bbc0       __vfprintf_l               004adbc0 f   LIBCMTD:vfprintf.obj
 0002:0005bbf0       __vfprintf_s_l             004adbf0 f   LIBCMTD:vfprintf.obj
 0002:0005bc20       __vfprintf_p_l             004adc20 f   LIBCMTD:vfprintf.obj
 0002:0005bc50       _vfprintf                  004adc50 f   LIBCMTD:vfprintf.obj
 0002:0005bc80       _vfprintf_s                004adc80 f   LIBCMTD:vfprintf.obj
 0002:0005bcb0       __vfprintf_p               004adcb0 f   LIBCMTD:vfprintf.obj
 0002:0005bce0       __validate_param_reuseA    004adce0 f   LIBCMTD:outputp.obj
 0002:0005bff0       __output_p_l               004adff0 f   LIBCMTD:outputp.obj
 0002:00060ab0       _get_crtdouble_arg         004b2ab0 f i LIBCMTD:outputp.obj
 0002:00060ae0       ____setlc_active_func      004b2ae0 f   LIBCMTD:setlocal.obj
 0002:00060af0       ____unguarded_readlc_active_add_func 004b2af0 f   LIBCMTD:setlocal.obj
 0002:00060b00       ___freetlocinfo            004b2b00 f   LIBCMTD:setlocal.obj
 0002:00060ea0       ___addlocaleref            004b2ea0 f   LIBCMTD:setlocal.obj
 0002:00061010       ___removelocaleref         004b3010 f   LIBCMTD:setlocal.obj
 0002:00061190       ___updatetlocinfo          004b3190 f   LIBCMTD:setlocal.obj
 0002:00061330       __configthreadlocale       004b3330 f   LIBCMTD:setlocal.obj
 0002:00061480       __locterm                  004b3480 f   LIBCMTD:setlocal.obj
 0002:00061540       __free_locale              004b3540 f   LIBCMTD:setlocal.obj
 0002:000616d0       ___free_locale             004b36d0 f   LIBCMTD:setlocal.obj
 0002:000616f0       __create_locale            004b36f0 f   LIBCMTD:setlocal.obj
 0002:000619a0       ___create_locale           004b39a0 f   LIBCMTD:setlocal.obj
 0002:000619c0       __get_current_locale       004b39c0 f   LIBCMTD:setlocal.obj
 0002:00061b20       ___get_current_locale      004b3b20 f   LIBCMTD:setlocal.obj
 0002:00061b30       _setlocale                 004b3b30 f   LIBCMTD:setlocal.obj
 0002:00062e00       __expandlocale             004b4e00 f   LIBCMTD:setlocal.obj
 0002:00063150       ___init_dummy              004b5150 f   LIBCMTD:setlocal.obj
 0002:00063160       __strcats                  004b5160 f   LIBCMTD:setlocal.obj
 0002:00063200       ___lc_strtolc              004b5200 f   LIBCMTD:setlocal.obj
 0002:00063480       ___lc_lctostr              004b5480 f   LIBCMTD:setlocal.obj
 0002:00063540       _strcpy_s                  004b5540 f   LIBCMTD:strcpy_s.obj
 0002:000638d0       ___crtLCMapStringA         004b58d0 f   LIBCMTD:a_map.obj
 0002:00063fe0       _strnlen                   004b5fe0 f   LIBCMTD:strlen_s.obj
 0002:00064030       ___sys_nerr                004b6030 f   LIBCMTD:syserr.obj
 0002:00064040       ___sys_errlist             004b6040 f   LIBCMTD:syserr.obj
 0002:00064050       _strncpy_s                 004b6050 f   LIBCMTD:strncpy_s.obj
 0002:00064540       __fcloseall                004b6540 f   LIBCMTD:closeall.obj
 0002:000646c0       ?__CxxUnhandledExceptionFilter@@YGJPAU_EXCEPTION_POINTERS@@@Z 004b66c0 f   LIBCMTD:unhandld.obj
 0002:00064740       ___CxxSetUnhandledExceptionFilter 004b6740 f   LIBCMTD:unhandld.obj
 0002:00064760       ___security_init_cookie    004b6760 f   LIBCMTD:gs_support.obj
 0002:00064880       __setenvp                  004b6880 f   LIBCMTD:stdenvp.obj
 0002:00064a90       __setargv                  004b6a90 f   LIBCMTD:stdargv.obj
 0002:00064bf0       __set_pgmptr               004b6bf0 f i LIBCMTD:stdargv.obj
 0002:00065050       ___crtGetEnvironmentStringsA 004b7050 f   LIBCMTD:a_env.obj
 0002:000652f0       ___heap_select             004b72f0 f   LIBCMTD:heapinit.obj
 0002:00065310       __heap_init                004b7310 f   LIBCMTD:heapinit.obj
 0002:000653b0       __heap_term                004b73b0 f   LIBCMTD:heapinit.obj
 0002:00065480       __get_heap_handle          004b7480 f   LIBCMTD:heapinit.obj
 0002:000654d0       __get_daylight             004b74d0 f   LIBCMTD:timeset.obj
 0002:00065570       __get_dstbias              004b7570 f   LIBCMTD:timeset.obj
 0002:00065610       __get_timezone             004b7610 f   LIBCMTD:timeset.obj
 0002:000656b0       __get_tzname               004b76b0 f   LIBCMTD:timeset.obj
 0002:00065900       ___daylight                004b7900 f   LIBCMTD:timeset.obj
 0002:00065910       ___dstbias                 004b7910 f   LIBCMTD:timeset.obj
 0002:00065920       ___timezone                004b7920 f   LIBCMTD:timeset.obj
 0002:00065930       ___tzname                  004b7930 f   LIBCMTD:timeset.obj
 0002:00065940       ___tzset                   004b7940 f   LIBCMTD:tzset.obj
 0002:00065a00       __tzset                    004b7a00 f   LIBCMTD:tzset.obj
 0002:00066110       __set_daylight             004b8110 f i LIBCMTD:tzset.obj
 0002:00066130       __set_dstbias              004b8130 f i LIBCMTD:tzset.obj
 0002:00066150       __set_timezone             004b8150 f i LIBCMTD:tzset.obj
 0002:00066170       __isindst                  004b8170 f   LIBCMTD:tzset.obj
 0002:000669c0       __input_l                  004b89c0 f   LIBCMTD:input.obj
 0002:00068810       __INTRN_LOCALE_CONV        004ba810 f i LIBCMTD:input.obj
 0002:00068980       __input_s_l                004ba980 f   LIBCMTD:inputs.obj
 0002:0006adc0       __CrtDefaultAllocHook      004bcdc0 f   LIBCMTD:dbghook.obj
 0002:0006add0       __crt_debugger_hook        004bcdd0 f   LIBCMTD:dbghook.obj
 0002:0006adf0       __CrtDbgBreak              004bcdf0 f   LIBCMTD:dbgrptt.obj
 0002:0006ae00       __CrtSetReportMode         004bce00 f   LIBCMTD:dbgrptt.obj
 0002:0006af90       __CrtSetReportFile         004bcf90 f   LIBCMTD:dbgrptt.obj
 0002:0006b0c0       __CrtSetReportHook         004bd0c0 f   LIBCMTD:dbgrptt.obj
 0002:0006b0f0       __CrtGetReportHook         004bd0f0 f   LIBCMTD:dbgrptt.obj
 0002:0006b100       __VCrtDbgReportA           004bd100 f   LIBCMTD:dbgrptt.obj
 0002:0006bb30       __VCrtDbgReportW           004bdb30 f   LIBCMTD:dbgrptt.obj
 0002:0006c6b0       ___crtMessageBoxW          004be6b0 f   LIBCMTD:crtmboxw.obj
 0002:0006c960       __swprintf                 004be960 f   LIBCMTD:swprintf.obj
 0002:0006cbb0       ___swprintf_l              004bebb0 f   LIBCMTD:swprintf.obj
 0002:0006cbf0       _swprintf_s                004bebf0 f   LIBCMTD:swprintf.obj
 0002:0006cc30       __snwprintf_s              004bec30 f   LIBCMTD:swprintf.obj
 0002:0006cc70       __swprintf_p               004bec70 f   LIBCMTD:swprintf.obj
 0002:0006ccb0       __swprintf_s_l             004becb0 f   LIBCMTD:swprintf.obj
 0002:0006ccf0       __snwprintf_s_l            004becf0 f   LIBCMTD:swprintf.obj
 0002:0006cd30       __swprintf_p_l             004bed30 f   LIBCMTD:swprintf.obj
 0002:0006cd70       __scwprintf                004bed70 f   LIBCMTD:swprintf.obj
 0002:0006cda0       __scwprintf_p              004beda0 f   LIBCMTD:swprintf.obj
 0002:0006cdd0       __scwprintf_l              004bedd0 f   LIBCMTD:swprintf.obj
 0002:0006ce00       __scwprintf_p_l            004bee00 f   LIBCMTD:swprintf.obj
 0002:0006ce30       _wcslen                    004bee30 f   LIBCMTD:wcslen.obj
 0002:0006ce70       _wcscpy_s                  004bee70 f   LIBCMTD:wcscpy_s.obj
 0002:0006d210       _V6_HeapAlloc              004bf210 f   LIBCMTD:malloc.obj
 0002:0006d2d0       __malloc_base              004bf2d0 f   LIBCMTD:malloc.obj
 0002:0006d380       __heap_alloc_base          004bf380 f i LIBCMTD:malloc.obj
 0002:0006d470       __CrtSetReportHook2        004bf470 f   LIBCMTD:dbgrpt.obj
 0002:0006d860       __CrtDbgReport             004bf860 f   LIBCMTD:dbgrpt.obj
 0002:0006d8b0       __CrtDbgReportV            004bf8b0 f i LIBCMTD:dbgrpt.obj
 0002:0006d8e0       ___crtMessageWindowA       004bf8e0 f   LIBCMTD:dbgrpt.obj
 0002:0006dde0       __expand_base              004bfde0 f   LIBCMTD:expand.obj
 0002:0006e160       __realloc_base             004c0160 f   LIBCMTD:realloc.obj
 0002:0006e5e0       __free_base                004c05e0 f   LIBCMTD:free.obj
 0002:0006e750       __heapchk                  004c0750 f   LIBCMTD:heapchk.obj
 0002:0006e860       __heapset                  004c0860 f   LIBCMTD:heapchk.obj
 0002:0006e870       __get_sbh_threshold        004c0870 f   LIBCMTD:sbheap.obj
 0002:0006e8d0       __set_sbh_threshold        004c08d0 f   LIBCMTD:sbheap.obj
 0002:0006ead0       __set_amblksiz             004c0ad0 f   LIBCMTD:sbheap.obj
 0002:0006ec20       __get_amblksiz             004c0c20 f   LIBCMTD:sbheap.obj
 0002:0006ed50       ___sbh_heap_init           004c0d50 f   LIBCMTD:sbheap.obj
 0002:0006edd0       ___sbh_find_block          004c0dd0 f   LIBCMTD:sbheap.obj
 0002:0006ee40       ___sbh_verify_block        004c0e40 f   LIBCMTD:sbheap.obj
 0002:0006eeb0       ___sbh_free_block          004c0eb0 f   LIBCMTD:sbheap.obj
 0002:0006f5e0       ___sbh_alloc_block         004c15e0 f   LIBCMTD:sbheap.obj
 0002:0006fc50       ___sbh_alloc_new_region    004c1c50 f   LIBCMTD:sbheap.obj
 0002:0006fdb0       ___sbh_alloc_new_group     004c1db0 f   LIBCMTD:sbheap.obj
 0002:00070020       ___sbh_resize_block        004c2020 f   LIBCMTD:sbheap.obj
 0002:00070760       ___sbh_heapmin             004c2760 f   LIBCMTD:sbheap.obj
 0002:000708e0       ___sbh_heap_check          004c28e0 f   LIBCMTD:sbheap.obj
 0002:00070f10       __chvalidator              004c2f10 f   LIBCMTD:isctype.obj
 0002:00070f70       __chvalidator_l            004c2f70 f   LIBCMTD:isctype.obj
 0002:00071050       __isctype_l                004c3050 f   LIBCMTD:isctype.obj
 0002:000711b0       __isctype                  004c31b0 f   LIBCMTD:isctype.obj
 0002:00071200       __alloc_osfhnd             004c3200 f   LIBCMTD:osfinfo.obj
 0002:00071560       __set_osfhnd               004c3560 f   LIBCMTD:osfinfo.obj
 0002:00071660       __free_osfhnd              004c3660 f   LIBCMTD:osfinfo.obj
 0002:00071780       __get_osfhandle            004c3780 f   LIBCMTD:osfinfo.obj
 0002:00071940       __open_osfhandle           004c3940 f   LIBCMTD:osfinfo.obj
 0002:00071c00       ___lock_fhandle            004c3c00 f   LIBCMTD:osfinfo.obj
 0002:00071d40       __unlock_fhandle           004c3d40 f   LIBCMTD:osfinfo.obj
 0002:00071d80       __commit                   004c3d80 f   LIBCMTD:commit.obj
 0002:00072020       ?_JumpToContinuation@@YGXPAXPAUEHRegistrationNode@@@Z 004c4020 f   LIBCMTD:_trnsctrl_.obj
 0002:00072070       ?_CallMemberFunction0@@YGXPAX0@Z 004c4070 f   LIBCMTD:_trnsctrl_.obj
 0002:00072080       ?_CallMemberFunction1@@YGXPAX00@Z 004c4080 f   LIBCMTD:_trnsctrl_.obj
 0002:00072090       ?_CallMemberFunction2@@YGXPAX00H@Z 004c4090 f   LIBCMTD:_trnsctrl_.obj
 0002:000720a0       ?_UnwindNestedFrames@@YGXPAUEHRegistrationNode@@PAUEHExceptionRecord@@@Z 004c40a0 f   LIBCMTD:_trnsctrl_.obj
 0002:00072110       ___CxxFrameHandler         004c4110 f   LIBCMTD:_trnsctrl_.obj
 0002:00072160       ___CxxFrameHandler3        004c4160 f   LIBCMTD:_trnsctrl_.obj
 0002:000721b0       ___CxxFrameHandler2        004c41b0 f   LIBCMTD:_trnsctrl_.obj
 0002:00072200       ___CxxLongjmpUnwind@4      004c4200 f   LIBCMTD:_trnsctrl_.obj
 0002:00072240       ?_CallCatchBlock2@@YAPAXPAUEHRegistrationNode@@PBU_s_FuncInfo@@PAXHK@Z 004c4240 f   LIBCMTD:_trnsctrl_.obj
 0002:00072330       ?_CallSETranslator@@YAHPAUEHExceptionRecord@@PAUEHRegistrationNode@@PAX2PBU_s_FuncInfo@@H1@Z 004c4330 f   LIBCMTD:_trnsctrl_.obj
 0002:00072540       ?_GetRangeOfTrysToCheck@@YAPBU_s_TryBlockMapEntry@@PBU_s_FuncInfo@@HHPAI1@Z 004c4540 f   LIBCMTD:_trnsctrl_.obj
 0002:000725e0       __CreateFrameInfo          004c45e0 f   LIBCMTD:_trnsctrl_.obj
 0002:00072620       __IsExceptionObjectToBeDestroyed 004c4620 f   LIBCMTD:_trnsctrl_.obj
 0002:00072660       __FindAndUnlinkFrame       004c4660 f   LIBCMTD:_trnsctrl_.obj
 0002:000726d0       __getbuf                   004c46d0 f   LIBCMTD:_getbuf.obj
 0002:000727c0       __open                     004c47c0 f   LIBCMTD:open.obj
 0002:000729a0       __sopen_helper             004c49a0 f   LIBCMTD:open.obj
 0002:00074090       __sopen                    004c6090 f   LIBCMTD:open.obj
 0002:00074120       __sopen_s                  004c6120 f   LIBCMTD:open.obj
 0002:00074150       __mbsnbicmp_l              004c6150 f   LIBCMTD:mbsnbicm.obj
 0002:00074720       __mbsnbicmp                004c6720 f   LIBCMTD:mbsnbicm.obj
 0002:00074750       __mbsnbcmp_l               004c6750 f   LIBCMTD:mbsnbcmp.obj
 0002:00074af0       __mbsnbcmp                 004c6af0 f   LIBCMTD:mbsnbcmp.obj
 0002:00074b14       __global_unwind2           004c6b14 f   LIBCMTD:exsup.obj
 0002:00074b79       __local_unwind2            004c6b79 f   LIBCMTD:exsup.obj
 0002:00074bfd       __abnormal_termination     004c6bfd f   LIBCMTD:exsup.obj
 0002:00074c20       __NLG_Notify1              004c6c20 f   LIBCMTD:exsup.obj
 0002:00074c29       __NLG_Notify               004c6c29 f   LIBCMTD:exsup.obj
 0002:00074c40       __NLG_Dispatch2            004c6c40     LIBCMTD:exsup.obj
 0002:00074c40       __NLG_Dispatch             004c6c40     LIBCMTD:exsup.obj
 0002:00074c48       __NLG_Call                 004c6c48 f   LIBCMTD:exsup.obj
 0002:00074c4a       __NLG_Return2              004c6c4a     LIBCMTD:exsup.obj
 0002:00074ca0       __isatty                   004c6ca0 f   LIBCMTD:isatty.obj
 0002:00074dc0       __wctomb_s_l               004c6dc0 f   LIBCMTD:wctomb.obj
 0002:00075180       _wctomb_s                  004c7180 f   LIBCMTD:wctomb.obj
 0002:000751b0       __wctomb_l                 004c71b0 f   LIBCMTD:wctomb.obj
 0002:00075250       _wctomb                    004c7250 f   LIBCMTD:wctomb.obj
 0002:000752b0       __isleadbyte_l             004c72b0 f i LIBCMTD:_wctype.obj
 0002:00075310       _isleadbyte                004c7310 f i LIBCMTD:_wctype.obj
 0002:00075330       __iswalpha_l               004c7330 f i LIBCMTD:_wctype.obj
 0002:00075360       _iswalpha                  004c7360 f i LIBCMTD:_wctype.obj
 0002:00075380       __iswupper_l               004c7380 f i LIBCMTD:_wctype.obj
 0002:000753a0       _iswupper                  004c73a0 f i LIBCMTD:_wctype.obj
 0002:000753c0       __iswlower_l               004c73c0 f i LIBCMTD:_wctype.obj
 0002:000753e0       _iswlower                  004c73e0 f i LIBCMTD:_wctype.obj
 0002:00075400       __iswdigit_l               004c7400 f i LIBCMTD:_wctype.obj
 0002:00075420       _iswdigit                  004c7420 f i LIBCMTD:_wctype.obj
 0002:00075440       __iswxdigit_l              004c7440 f i LIBCMTD:_wctype.obj
 0002:00075470       _iswxdigit                 004c7470 f i LIBCMTD:_wctype.obj
 0002:00075490       __iswspace_l               004c7490 f i LIBCMTD:_wctype.obj
 0002:000754b0       _iswspace                  004c74b0 f i LIBCMTD:_wctype.obj
 0002:000754d0       __iswpunct_l               004c74d0 f i LIBCMTD:_wctype.obj
 0002:000754f0       _iswpunct                  004c74f0 f i LIBCMTD:_wctype.obj
 0002:00075510       __iswalnum_l               004c7510 f i LIBCMTD:_wctype.obj
 0002:00075540       _iswalnum                  004c7540 f i LIBCMTD:_wctype.obj
 0002:00075560       __iswprint_l               004c7560 f i LIBCMTD:_wctype.obj
 0002:00075590       _iswprint                  004c7590 f i LIBCMTD:_wctype.obj
 0002:000755b0       __iswgraph_l               004c75b0 f i LIBCMTD:_wctype.obj
 0002:000755e0       _iswgraph                  004c75e0 f i LIBCMTD:_wctype.obj
 0002:00075600       __iswcntrl_l               004c7600 f i LIBCMTD:_wctype.obj
 0002:00075620       _iswcntrl                  004c7620 f i LIBCMTD:_wctype.obj
 0002:00075640       _iswascii                  004c7640 f i LIBCMTD:_wctype.obj
 0002:00075660       __iswcsym_l                004c7660 f i LIBCMTD:_wctype.obj
 0002:000756b0       ___iswcsym                 004c76b0 f i LIBCMTD:_wctype.obj
 0002:00075700       __iswcsymf_l               004c7700 f i LIBCMTD:_wctype.obj
 0002:00075750       ___iswcsymf                004c7750 f i LIBCMTD:_wctype.obj
 0002:000757a0       __output_s_l               004c77a0 f   LIBCMTD:outputs.obj
 0002:00077290       __lseeki64                 004c9290 f   LIBCMTD:lseeki64.obj
 0002:00077570       __lseeki64_nolock          004c9570 f   LIBCMTD:lseeki64.obj
 0002:000776a0       __fptrap                   004c96a0 f   LIBCMTD:crt0fp.obj
 0002:000776c0       __set_error_mode           004c96c0 f   LIBCMTD:errmode.obj
 0002:000777b0       ___set_app_type            004c97b0 f   LIBCMTD:errmode.obj
 0002:000777d0       ___get_app_type            004c97d0 f   LIBCMTD:errmode.obj
 0002:000777e0       ___crtMessageBoxA          004c97e0 f   LIBCMTD:crtmbox.obj
 0002:00077a90       _strcat_s                  004c9a90 f   LIBCMTD:strcat_s.obj
 0002:00077f60       ___crtGetStringTypeA       004c9f60 f   LIBCMTD:a_str.obj
 0002:00078290       __isalpha_l                004ca290 f i LIBCMTD:_ctype.obj
 0002:00078340       _isalpha                   004ca340 f i LIBCMTD:_ctype.obj
 0002:00078380       __isupper_l                004ca380 f i LIBCMTD:_ctype.obj
 0002:00078420       _isupper                   004ca420 f i LIBCMTD:_ctype.obj
 0002:00078460       __islower_l                004ca460 f i LIBCMTD:_ctype.obj
 0002:00078500       _islower                   004ca500 f i LIBCMTD:_ctype.obj
 0002:00078540       __isdigit_l                004ca540 f i LIBCMTD:_ctype.obj
 0002:000785e0       _isdigit                   004ca5e0 f i LIBCMTD:_ctype.obj
 0002:00078620       __isxdigit_l               004ca620 f i LIBCMTD:_ctype.obj
 0002:000786d0       _isxdigit                  004ca6d0 f i LIBCMTD:_ctype.obj
 0002:00078710       __isspace_l                004ca710 f i LIBCMTD:_ctype.obj
 0002:000787b0       _isspace                   004ca7b0 f i LIBCMTD:_ctype.obj
 0002:000787f0       __ispunct_l                004ca7f0 f i LIBCMTD:_ctype.obj
 0002:00078890       _ispunct                   004ca890 f i LIBCMTD:_ctype.obj
 0002:000788d0       __isalnum_l                004ca8d0 f i LIBCMTD:_ctype.obj
 0002:00078980       _isalnum                   004ca980 f i LIBCMTD:_ctype.obj
 0002:000789c0       __isprint_l                004ca9c0 f i LIBCMTD:_ctype.obj
 0002:00078a70       _isprint                   004caa70 f i LIBCMTD:_ctype.obj
 0002:00078ab0       __isgraph_l                004caab0 f i LIBCMTD:_ctype.obj
 0002:00078b60       _isgraph                   004cab60 f i LIBCMTD:_ctype.obj
 0002:00078ba0       __iscntrl_l                004caba0 f i LIBCMTD:_ctype.obj
 0002:00078c40       _iscntrl                   004cac40 f i LIBCMTD:_ctype.obj
 0002:00078c80       ___isascii                 004cac80 f i LIBCMTD:_ctype.obj
 0002:00078ca0       ___toascii                 004caca0 f i LIBCMTD:_ctype.obj
 0002:00078cb0       __iscsymf_l                004cacb0 f i LIBCMTD:_ctype.obj
 0002:00078d00       ___iscsymf                 004cad00 f i LIBCMTD:_ctype.obj
 0002:00078d40       __iscsym_l                 004cad40 f i LIBCMTD:_ctype.obj
 0002:00078d90       ___iscsym                  004cad90 f i LIBCMTD:_ctype.obj
 0002:00078de0       ___crtGetLocaleInfoW       004cade0 f   LIBCMTD:w_loc.obj
 0002:00078e70       ___crtGetLocaleInfoA       004cae70 f   LIBCMTD:a_loc.obj
 0002:000790c0       __controlfp_s              004cb0c0 f   LIBCMTD:_contrlfp_.obj
 0002:000791e0       __tolower                  004cb1e0 f   LIBCMTD:tolower.obj
 0002:000791f0       __tolower_l                004cb1f0 f   LIBCMTD:tolower.obj
 0002:00079440       _tolower                   004cb440 f   LIBCMTD:tolower.obj
 0002:000794a0       __atodbl_l                 004cb4a0 f   LIBCMTD:atodbl.obj
 0002:000795f0       __atodbl                   004cb5f0 f   LIBCMTD:atodbl.obj
 0002:00079610       __atoldbl_l                004cb610 f   LIBCMTD:atodbl.obj
 0002:00079760       __atoldbl                  004cb760 f   LIBCMTD:atodbl.obj
 0002:00079780       __atoflt_l                 004cb780 f   LIBCMTD:atodbl.obj
 0002:000798d0       __atoflt                   004cb8d0 f   LIBCMTD:atodbl.obj
 0002:000798f0       __fptostr                  004cb8f0 f   LIBCMTD:_fptostr.obj
 0002:00079c40       __fltout2                  004cbc40 f   LIBCMTD:_cfout_.obj
 0002:00079d20       ___dtold                   004cbd20 f   LIBCMTD:_cfout_.obj
 0002:00079ed0       _memmove                   004cbed0 f   LIBCMTD:memmove.obj
 0002:0007a310       __set_output_format        004cc310 f   LIBCMTD:outputformat.obj
 0002:0007a3b0       __get_output_format        004cc3b0 f   LIBCMTD:outputformat.obj
 0002:0007a3c0       __allrem                   004cc3c0 f   LIBCMTD:llrem.obj
 0002:0007a4a0       __alldiv                   004cc4a0 f   LIBCMTD:lldiv.obj
 0002:0007a580       __aullshr                  004cc580 f   LIBCMTD:ullshr.obj
 0002:0007a5b0       _strrchr                   004cc5b0 f   LIBCMTD:strrchr.obj
 0002:0007a5f0       __putwch                   004cc5f0 f   LIBCMTD:putwch.obj
 0002:0007a6a0       __putwch_nolock            004cc6a0 f   LIBCMTD:putwch.obj
 0002:0007a7e0       __cputws                   004cc7e0 f   LIBCMTD:putwch.obj
 0002:0007a980       __mbtowc_l                 004cc980 f   LIBCMTD:mbtowc.obj
 0002:0007ac20       _mbtowc                    004ccc20 f   LIBCMTD:mbtowc.obj
 0002:0007ac50       ___pwctype_func            004ccc50 f   LIBCMTD:ctype.obj
 0002:0007ac60       ___pctype_func             004ccc60 f   LIBCMTD:ctype.obj
 0002:0007acc0       ___init_time               004cccc0 f   LIBCMTD:inittime.obj
 0002:0007b5a0       ___free_lc_time            004cd5a0 f   LIBCMTD:inittime.obj
 0002:0007b970       ___init_numeric            004cd970 f   LIBCMTD:initnum.obj
 0002:0007bda0       ___free_lconv_num          004cdda0 f   LIBCMTD:initnum.obj
 0002:0007be30       ___init_monetary           004cde30 f   LIBCMTD:initmon.obj
 0002:0007c470       ___free_lconv_mon          004ce470 f   LIBCMTD:initmon.obj
 0002:0007c5a0       ___init_ctype              004ce5a0 f   LIBCMTD:initctyp.obj
 0002:0007ccc0       ____mb_cur_max_func        004cecc0 f   LIBCMTD:initctyp.obj
 0002:0007cd20       ____mb_cur_max_l_func      004ced20 f   LIBCMTD:initctyp.obj
 0002:0007cd60       ____lc_codepage_func       004ced60 f   LIBCMTD:initctyp.obj
 0002:0007cdc0       ____lc_collate_cp_func     004cedc0 f   LIBCMTD:initctyp.obj
 0002:0007ce20       ____lc_handle_func         004cee20 f   LIBCMTD:initctyp.obj
 0002:0007ce80       ___init_collate            004cee80 f   LIBCMTD:initcoll.obj
 0002:0007ce90       __Getdays_l                004cee90 f   LIBCMTD:strftime.obj
 0002:0007d0c0       __Getdays                  004cf0c0 f   LIBCMTD:strftime.obj
 0002:0007d0e0       __Getmonths_l              004cf0e0 f   LIBCMTD:strftime.obj
 0002:0007d310       __Getmonths                004cf310 f   LIBCMTD:strftime.obj
 0002:0007d330       __Gettnames_l              004cf330 f   LIBCMTD:strftime.obj
 0002:0007d9f0       __Gettnames                004cf9f0 f   LIBCMTD:strftime.obj
 0002:0007da10       __strftime_l               004cfa10 f   LIBCMTD:strftime.obj
 0002:0007da40       _strftime                  004cfa40 f   LIBCMTD:strftime.obj
 0002:0007da70       __Strftime                 004cfa70 f   LIBCMTD:strftime.obj
 0002:0007daa0       __Strftime_l               004cfaa0 f   LIBCMTD:strftime.obj
 0002:00080020       _localeconv                004d2020 f   LIBCMTD:lconv.obj
 0002:00080080       _strncmp                   004d2080 f   LIBCMTD:strncmp.obj
 0002:00080250       _strpbrk                   004d2250 f   LIBCMTD:strpbrk.obj
 0002:000802a0       ___get_qualified_locale    004d22a0 f   LIBCMTD:getqloc.obj
 0002:000814c0       ___ansicp                  004d34c0 f   LIBCMTD:convrtcp.obj
 0002:00081530       ___convertcp               004d3530 f   LIBCMTD:convrtcp.obj
 0002:00081810       __ismbbkalnum_l            004d3810 f   LIBCMTD:ismbbyte.obj
 0002:00081840       __ismbbkalnum              004d3840 f   LIBCMTD:ismbbyte.obj
 0002:00081860       __ismbbkprint_l            004d3860 f   LIBCMTD:ismbbyte.obj
 0002:00081890       __ismbbkprint              004d3890 f   LIBCMTD:ismbbyte.obj
 0002:000818b0       __ismbbkpunct_l            004d38b0 f   LIBCMTD:ismbbyte.obj
 0002:000818e0       __ismbbkpunct              004d38e0 f   LIBCMTD:ismbbyte.obj
 0002:00081900       __ismbbalnum_l             004d3900 f   LIBCMTD:ismbbyte.obj
 0002:00081930       __ismbbalnum               004d3930 f   LIBCMTD:ismbbyte.obj
 0002:00081960       __ismbbalpha_l             004d3960 f   LIBCMTD:ismbbyte.obj
 0002:00081990       __ismbbalpha               004d3990 f   LIBCMTD:ismbbyte.obj
 0002:000819c0       __ismbbgraph_l             004d39c0 f   LIBCMTD:ismbbyte.obj
 0002:000819f0       __ismbbgraph               004d39f0 f   LIBCMTD:ismbbyte.obj
 0002:00081a20       __ismbbprint_l             004d3a20 f   LIBCMTD:ismbbyte.obj
 0002:00081a50       __ismbbprint               004d3a50 f   LIBCMTD:ismbbyte.obj
 0002:00081a80       __ismbbpunct_l             004d3a80 f   LIBCMTD:ismbbyte.obj
 0002:00081ab0       __ismbbpunct               004d3ab0 f   LIBCMTD:ismbbyte.obj
 0002:00081ad0       __ismbblead_l              004d3ad0 f   LIBCMTD:ismbbyte.obj
 0002:00081b00       __ismbblead                004d3b00 f   LIBCMTD:ismbbyte.obj
 0002:00081b20       __ismbbtrail_l             004d3b20 f   LIBCMTD:ismbbyte.obj
 0002:00081b50       __ismbbtrail               004d3b50 f   LIBCMTD:ismbbyte.obj
 0002:00081b70       __ismbbkana_l              004d3b70 f   LIBCMTD:ismbbyte.obj
 0002:00081c00       __ismbbkana                004d3c00 f   LIBCMTD:ismbbyte.obj
 0002:00081d20       _getenv                    004d3d20 f   LIBCMTD:getenv.obj
 0002:00081ed0       __getenv_helper_nolock     004d3ed0 f   LIBCMTD:getenv.obj
 0002:00082030       _getenv_s                  004d4030 f   LIBCMTD:getenv.obj
 0002:000822e0       __dupenv_s                 004d42e0 f   LIBCMTD:getenv.obj
 0002:00082310       __dupenv_s_dbg             004d4310 f   LIBCMTD:getenv.obj
 0002:000825f0       _ungetc                    004d45f0 f   LIBCMTD:ungetc.obj
 0002:00082720       __ungetc_nolock            004d4720 f   LIBCMTD:ungetc.obj
 0002:000829d0       __mbstowcs_l_helper        004d49d0 f   LIBCMTD:mbstowcs.obj
 0002:00082e00       __mbstowcs_l               004d4e00 f   LIBCMTD:mbstowcs.obj
 0002:00082e30       _mbstowcs                  004d4e30 f   LIBCMTD:mbstowcs.obj
 0002:00082e90       __mbstowcs_s_l             004d4e90 f   LIBCMTD:mbstowcs.obj
 0002:000832f0       _mbstowcs_s                004d52f0 f   LIBCMTD:mbstowcs.obj
 0002:00083320       __itoa_s                   004d5320 f   LIBCMTD:xtoas.obj
 0002:000837d0       __ltoa_s                   004d57d0 f   LIBCMTD:xtoas.obj
 0002:00083820       __ultoa_s                  004d5820 f   LIBCMTD:xtoas.obj
 0002:00083850       __i64toa_s                 004d5850 f   LIBCMTD:xtoas.obj
 0002:00083d50       __ui64toa_s                004d5d50 f   LIBCMTD:xtoas.obj
 0002:00083d80       __wcstombs_l_helper        004d5d80 f   LIBCMTD:wcstombs.obj
 0002:000843b0       __wcstombs_l               004d63b0 f   LIBCMTD:wcstombs.obj
 0002:000843e0       _wcstombs                  004d63e0 f   LIBCMTD:wcstombs.obj
 0002:00084410       __wcstombs_s_l             004d6410 f   LIBCMTD:wcstombs.obj
 0002:00084800       _wcstombs_s                004d6800 f   LIBCMTD:wcstombs.obj
 0002:00084830       _wcscat_s                  004d6830 f   LIBCMTD:wcscat_s.obj
 0002:00084d10       __vswprintf_helper         004d6d10 f   LIBCMTD:vswprnc.obj
 0002:00084fd0       __vswprintf_c              004d6fd0 f   LIBCMTD:vswprnc.obj
 0002:00085030       __vswprintf_c_l            004d7030 f   LIBCMTD:vswprnc.obj
 0002:00085090       __vswprintf_s_l            004d7090 f   LIBCMTD:vswprnc.obj
 0002:00085390       _vswprintf_s               004d7390 f   LIBCMTD:vswprnc.obj
 0002:000853c0       __vsnwprintf_s_l           004d73c0 f   LIBCMTD:vswprnc.obj
 0002:00085860       __vsnwprintf_s             004d7860 f   LIBCMTD:vswprnc.obj
 0002:00085890       __vswprintf_p              004d7890 f   LIBCMTD:vswprnc.obj
 0002:000858f0       __vswprintf_p_l            004d78f0 f   LIBCMTD:vswprnc.obj
 0002:00085950       __itow_s                   004d7950 f   LIBCMTD:xtows.obj
 0002:00085e20       __ltow_s                   004d7e20 f   LIBCMTD:xtows.obj
 0002:00085e70       __ultow_s                  004d7e70 f   LIBCMTD:xtows.obj
 0002:00085ea0       __i64tow_s                 004d7ea0 f   LIBCMTD:xtows.obj
 0002:000863c0       __ui64tow_s                004d83c0 f   LIBCMTD:xtows.obj
 0002:000863f0       __woutput_l                004d83f0 f   LIBCMTD:woutput.obj
 0002:00087a50       __vswprintf_l              004d9a50 f   LIBCMTD:vswprint.obj
 0002:00087c90       __vswprintf                004d9c90 f   LIBCMTD:vswprint.obj
[...]
 0004:0068a000       __fmode                    00b9f000     LIBCMTD:txtmode.obj
 0004:0068a028       ?pArgList@UnDecorator@@0PAVReplicator@@A 00b9f028     LIBCMTD:undname.obj
 0004:0068a02c       ?pZNameList@UnDecorator@@0PAVReplicator@@A 00b9f02c     LIBCMTD:undname.obj
 0004:0068a030       ?pTemplateArgList@UnDecorator@@0PAVReplicator@@A 00b9f030     LIBCMTD:undname.obj
 0004:0068a034       ?gName@UnDecorator@@0PBDB  00b9f034     LIBCMTD:undname.obj
 0004:0068a038       ?name@UnDecorator@@0PBDB   00b9f038     LIBCMTD:undname.obj
 0004:0068a03c       ?outputString@UnDecorator@@0PADA 00b9f03c     LIBCMTD:undname.obj
 0004:0068a040       ?maxStringLength@UnDecorator@@0HA 00b9f040     LIBCMTD:undname.obj
 0004:0068a044       ?disableFlags@UnDecorator@@0KA 00b9f044     LIBCMTD:undname.obj
 0004:0068a048       ?m_pGetParameter@UnDecorator@@0P6APADJ@ZA 00b9f048     LIBCMTD:undname.obj
 0004:0068a04c       ?fExplicitTemplateParams@UnDecorator@@0_NA 00b9f04c     LIBCMTD:undname.obj
 0004:0068a04d       ?fGetTemplateArgumentList@UnDecorator@@0_NA 00b9f04d     LIBCMTD:undname.obj
 0004:0068a0c0       ?nodes@?1??make@DNameStatusNode@@SAPAV2@W4DNameStatus@@@Z@4PAV2@A 00b9f0c0     LIBCMTD:undname.obj
 0004:0068a0fc       ??_B?1??make@DNameStatusNode@@SAPAV1@W4DNameStatus@@@Z@51 00b9f0fc     LIBCMTD:undname.obj
 0004:0068a100       _tech_drops_ep1            00b9f100     <common>
 0004:00ce7860       _workConnect               011fc860     <common>
 0004:00ce7880       _tech_drops_ep2            011fc880     <common>
 0004:00e77880       _common_table              0138c880     <common>
 0004:00e8ff20       _localgms                  013a4f20     <common>
 0004:00e90240       _weapon_drops_ep1          013a5240     <common>
 0004:011b0240       _battle_count              016c5240     <common>
 0004:011b0260       _PacketData2               016c5260     <common>
 0004:011bfc60       _tmprcv                    016d4c60     <common>
 0004:012b9c60       _shipdata                  017cec60     <common>
 0004:012ba5c0       _WriteFDs                  017cf5c0     <common>
 0004:012ba6c4       _debugfile                 017cf6c4     <common>
 0004:012ba6c8       _shop_checksum             017cf6c8     <common>
 0004:012ba6cc       _MAG_DROP_RATE             017cf6cc     <common>
 0004:012ba6e0       _ship_key                  017cf6e0     <common>
 0004:012ba760       _quest_numallows           017cf760     <common>
 0004:012ba764       _ship_index                017cf764     <common>
 0004:012ba768       _servertime                017cf768     <common>
 0004:012ba770       _WEAPON_DROP_RATE          017cf770     <common>
 0004:012ba780       _blocks                    017cf780     <common>
 0004:012ba7a8       _TOOL_DROP_RATE            017cf7a8     <common>
 0004:012ba7c0       _logon_structure           017cf7c0     <common>
 0004:014dda78       _logon_connecion           019f2a78     <common>
 0004:014dda80       _ship_bandata              019f2a80     <common>
 0004:014faf40       _cipher_ptr                01a0ff40     <common>
 0004:014faf60       _csv_params                01a0ff60     <common>
 0004:0153af80       _tool_drops_ep1            01a4ff80     <common>
 0004:016caf80       _logon                     01bdff80     <common>
 0004:016caf84       _loginIP                   01bdff84     <common>
 0004:016cafa0       _percent_patterns_ep2      01bdffa0     <common>
 0004:017bafa0       _power_patterns_ep1        01ccffa0     <common>
 0004:0185afa0       _ARMOR_DROP_RATE           01d6ffa0     <common>
 0004:0185afc0       _dp                        01d6ffc0     <common>
 0004:018997c0       _attachment_ep1            01dae7c0     <common>
 0004:01a297c0       _myArgs                    01f3e7c0     <common>
 0004:01a298c0       _character_file            01f3e8c0     <common>
 0004:01a299c0       _slots_ep2                 01f3e9c0     <common>
 0004:01a519c0       _MESETA_DROP_RATE          01f669c0     <common>
 0004:01a519c4       _serverBlocks              01f669c4     <common>
 0004:01a519e0       _weapon_drops_ep2          01f669e0     <common>
 0004:01d719e0       _serverPort                022869e0     <common>
 0004:01d71a00       _shopidx                   02286a00     <common>
 0004:01d71d20       _quest_menus               02286d20     <common>
 0004:01d84b40       _ExceptFDs                 02299b40     <common>
 0004:01d84c60       _localgmrights             02299c60     <common>
 0004:01d84ca0       _ReadFDs                   02299ca0     <common>
 0004:01d84dc0       _Ship_Name                 02299dc0     <common>
 0004:01d84ec0       _chatBuf                   02299ec0     <common>
 0004:01d85e60       _EXPERIENCE_RATE           0229ae60     <common>
 0004:01d85e64       _myCommand                 0229ae64     <common>
 0004:01d85e80       _startingData              0229ae80     <common>
 0004:01d85f28       _serverMaxConnections      0229af28     <common>
 0004:01d85f40       _connections               0229af40     <common>
 0004:01d86d60       _savedlobbies              0229bd60     <common>
 0004:01d86e00       _qpdc_buffer               0229be00     <common>
 0004:01dc6e00       _power_patterns_ep2        022dbe00     <common>
 0004:01e66e00       _percent_patterns_ep1      0237be00     <common>
 0004:01f56e00       _attachment_ep2            0246be00     <common>
 0004:020e6e00       _shipEvent                 025fbe00     <common>
 0004:020e6e20       _cmdBuf                    025fbe20     <common>
 0004:020e7dc0       _serverConnectionList      025fcdc0     <common>
 0004:020e8be0       _PacketData                025fdbe0     <common>
 0004:020f85e0       _qpd_buffer                0260d5e0     <common>
 0004:021385e0       _max_tech_level            0264d5e0     <common>
 0004:021386e0       _quests                    0264d6e0     <common>
 0004:021a2ee0       _consoleHwnd               026b7ee0     <common>
 0004:021a2f00       _tool_drops_ep2            026b7f00     <common>
 0004:02332f00       _slots_ep1                 02847f00     <common>
 0004:0235af00       _mt_64_to_double           0286ff00     <common>
 0004:0235b120       _mt_default_state          02870120     <common>
 0004:0235bae8       _mt_32_to_double           02870ae8     <common>
 0004:0235baf0       ___sbh_initialized         02870af0     <common>
 0004:0235bb04       ___sbh_cntHeaderList       02870b04     <common>
 0004:0235bb08       ___sbh_pHeaderList         02870b08     <common>
 0004:0235bb0c       ___sbh_threshold           02870b0c     <common>
 0004:0235bb10       ___sbh_pHeaderScan         02870b10     <common>
 0004:0235bb14       ___sbh_sizeHeaderList      02870b14     <common>
 0004:0235bb18       ___sbh_indGroupDefer       02870b18     <common>
 0004:0235bb1c       __pfnReportHook            02870b1c     <common>
 0004:0235bb2c       __pReportHookListW         02870b2c     <common>
 0004:0235bb30       __pReportHookList          02870b30     <common>
 0004:0235bb34       __debugger_hook_dummy      02870b34     <common>
 0004:0235bb40       ___active_heap             02870b40     <common>
 0004:0235bb4c       ___setlc_active            02870b4c     <common>
 0004:0235bb5c       ___unguarded_readlc_active 02870b5c     <common>
 0004:0235bb60       ___sse2_available          02870b60     <common>
 0004:0235bb6c       __nhandle                  02870b6c     <common>
 0004:0235bbc0       ___pioinfo                 02870bc0     <common>
 0004:0235bcc0       __acmdln                   02870cc0     <common>
 0004:0235bccc       ___piob                    02870ccc     <common>
 0004:0235c020       __bufin                    02871020     <common>
 0004:0235d020       __nstream                  02872020     <common>
 0004:0235d024       ___env_initialized         02872024     <common>
 0004:0235d038       ___onexitend               02872038     <common>
 0004:0235d03c       ___onexitbegin             0287203c     <common>
 0004:0235d040       ___mbctype_initialized     02872040     <common>
 0004:0235d044       ___dyn_tls_init_callback   02872044     <common>
 0005:00000000       __IMPORT_DESCRIPTOR_WSOCK32 02873000     wsock32:WSOCK32.dll
 0005:00000014       __IMPORT_DESCRIPTOR_KERNEL32 02873014     kernel32:KERNEL32.dll
 0005:00000028       __IMPORT_DESCRIPTOR_USER32 02873028     user32:USER32.dll
 0005:0000003c       __IMPORT_DESCRIPTOR_GDI32  0287303c     gdi32:GDI32.dll
 0005:00000050       __IMPORT_DESCRIPTOR_SHELL32 02873050     shell32:SHELL32.dll
 0005:00000064       __NULL_IMPORT_DESCRIPTOR   02873064     wsock32:WSOCK32.dll
 0005:000003c4       __imp__GetStockObject@4    028733c4     gdi32:GDI32.dll
 0005:000003c8       \177GDI32_NULL_THUNK_DATA  028733c8     gdi32:GDI32.dll
 0005:000003f4       __imp__CompareStringA@24   028733f4     kernel32:KERNEL32.dll
 0005:000003f8       __imp__SetEndOfFile@4      028733f8     kernel32:KERNEL32.dll
 0005:000003fc       __imp__GetUserDefaultLCID@0 028733fc     kernel32:KERNEL32.dll
 0005:00000400       __imp__EnumSystemLocalesA@8 02873400     kernel32:KERNEL32.dll
 0005:00000404       __imp__IsValidLocale@8     02873404     kernel32:KERNEL32.dll
 0005:00000408       __imp__GetDateFormatA@24   02873408     kernel32:KERNEL32.dll
 0005:0000040c       __imp__GetTimeFormatA@24   0287340c     kernel32:KERNEL32.dll
 0005:00000410       __imp__GetConsoleOutputCP@0 02873410     kernel32:KERNEL32.dll
 0005:00000414       __imp__WriteConsoleA@20    02873414     kernel32:KERNEL32.dll
 0005:00000418       __imp__GetLocaleInfoA@16   02873418     kernel32:KERNEL32.dll
 0005:0000041c       __imp__GetLocaleInfoW@16   0287341c     kernel32:KERNEL32.dll
 0005:00000420       __imp__GetStringTypeW@16   02873420     kernel32:KERNEL32.dll
 0005:00000424       __imp__GetStringTypeA@20   02873424     kernel32:KERNEL32.dll
 0005:00000428       __imp__CreateFileA@28      02873428     kernel32:KERNEL32.dll
 0005:0000042c       __imp__FlushFileBuffers@4  0287342c     kernel32:KERNEL32.dll
 0005:00000430       __imp__SetStdHandle@8      02873430     kernel32:KERNEL32.dll
 0005:00000434       __imp__CompareStringW@24   02873434     kernel32:KERNEL32.dll
 0005:00000438       __imp__SetConsoleTitleA@4  02873438     kernel32:KERNEL32.dll
 0005:0000043c       __imp__GetModuleHandleA@4  0287343c     kernel32:KERNEL32.dll
 0005:00000440       __imp__GetConsoleWindow@0  02873440     kernel32:KERNEL32.dll
 0005:00000444       __imp__VirtualAlloc@16     02873444     kernel32:KERNEL32.dll
 0005:00000448       __imp__HeapReAlloc@16      02873448     kernel32:KERNEL32.dll
 0005:0000044c       __imp__HeapSize@12         0287344c     kernel32:KERNEL32.dll
 0005:00000450       __imp__LoadLibraryW@4      02873450     kernel32:KERNEL32.dll
 0005:00000454       __imp__OutputDebugStringW@4 02873454     kernel32:KERNEL32.dll
 0005:00000458       __imp__WriteConsoleW@20    02873458     kernel32:KERNEL32.dll
 0005:0000045c       __imp__OutputDebugStringA@4 0287345c     kernel32:KERNEL32.dll
 0005:00000460       __imp__VirtualFree@12      02873460     kernel32:KERNEL32.dll
 0005:00000464       __imp__HeapCreate@12       02873464     kernel32:KERNEL32.dll
 0005:00000468       __imp__HeapDestroy@4       02873468     kernel32:KERNEL32.dll
 0005:0000046c       __imp__GetEnvironmentStringsW@0 0287346c     kernel32:KERNEL32.dll
 0005:00000470       __imp__FreeEnvironmentStringsW@4 02873470     kernel32:KERNEL32.dll
 0005:00000474       __imp__GetEnvironmentStrings@0 02873474     kernel32:KERNEL32.dll
 0005:00000478       __imp__GetLocalTime@4      02873478     kernel32:KERNEL32.dll
 0005:0000047c       __imp__TlsAlloc@0          0287347c     kernel32:KERNEL32.dll
 0005:00000480       __imp__FreeEnvironmentStringsA@4 02873480     kernel32:KERNEL32.dll
 0005:00000484       __imp__GetCurrentProcessId@0 02873484     kernel32:KERNEL32.dll
 0005:00000488       __imp__GetModuleHandleW@4  02873488     kernel32:KERNEL32.dll
 0005:0000048c       __imp__Sleep@4             0287348c     kernel32:KERNEL32.dll
 0005:00000490       __imp__InterlockedIncrement@4 02873490     kernel32:KERNEL32.dll
 0005:00000494       __imp__InterlockedDecrement@4 02873494     kernel32:KERNEL32.dll
 0005:00000498       __imp__GetProcAddress@8    02873498     kernel32:KERNEL32.dll
 0005:0000049c       __imp__ExitProcess@4       0287349c     kernel32:KERNEL32.dll
 0005:000004a0       __imp__GetSystemTimeAsFileTime@4 028734a0     kernel32:KERNEL32.dll
 0005:000004a4       __imp__IsDebuggerPresent@0 028734a4     kernel32:KERNEL32.dll
 0005:000004a8       __imp__RaiseException@16   028734a8     kernel32:KERNEL32.dll
 0005:000004ac       __imp__DebugBreak@0        028734ac     kernel32:KERNEL32.dll
 0005:000004b0       __imp__WideCharToMultiByte@32 028734b0     kernel32:KERNEL32.dll
 0005:000004b4       __imp__MultiByteToWideChar@24 028734b4     kernel32:KERNEL32.dll
 0005:000004b8       __imp__lstrlenA@4          028734b8     kernel32:KERNEL32.dll
 0005:000004bc       __imp__LoadLibraryA@4      028734bc     kernel32:KERNEL32.dll
 0005:000004c0       __imp__EnterCriticalSection@4 028734c0     kernel32:KERNEL32.dll
 0005:000004c4       __imp__LeaveCriticalSection@4 028734c4     kernel32:KERNEL32.dll
 0005:000004c8       __imp__GetCommandLineA@0   028734c8     kernel32:KERNEL32.dll
 0005:000004cc       __imp__UnhandledExceptionFilter@4 028734cc     kernel32:KERNEL32.dll
 0005:000004d0       __imp__SetUnhandledExceptionFilter@4 028734d0     kernel32:KERNEL32.dll
 0005:000004d4       __imp__GetTimeZoneInformation@4 028734d4     kernel32:KERNEL32.dll
 0005:000004d8       __imp__TerminateProcess@8  028734d8     kernel32:KERNEL32.dll
 0005:000004dc       __imp__GetCurrentProcess@0 028734dc     kernel32:KERNEL32.dll
 0005:000004e0       __imp__GetModuleFileNameW@12 028734e0     kernel32:KERNEL32.dll
 0005:000004e4       __imp__HeapValidate@12     028734e4     kernel32:KERNEL32.dll
 0005:000004e8       __imp__IsBadReadPtr@8      028734e8     kernel32:KERNEL32.dll
 0005:000004ec       __imp__GetLastError@0      028734ec     kernel32:KERNEL32.dll
 0005:000004f0       __imp__CloseHandle@4       028734f0     kernel32:KERNEL32.dll
 0005:000004f4       __imp__TlsGetValue@4       028734f4     kernel32:KERNEL32.dll
 0005:000004f8       __imp__SetEnvironmentVariableA@8 028734f8     kernel32:KERNEL32.dll
 0005:000004fc       __imp__TlsSetValue@8       028734fc     kernel32:KERNEL32.dll
 0005:00000500       __imp__GetCurrentThreadId@0 02873500     kernel32:KERNEL32.dll
 0005:00000504       __imp__TlsFree@4           02873504     kernel32:KERNEL32.dll
 0005:00000508       __imp__SetLastError@4      02873508     kernel32:KERNEL32.dll
 0005:0000050c       __imp__GetCurrentThread@0  0287350c     kernel32:KERNEL32.dll
 0005:00000510       __imp__SetHandleCount@4    02873510     kernel32:KERNEL32.dll
 0005:00000514       __imp__GetStdHandle@4      02873514     kernel32:KERNEL32.dll
 0005:00000518       __imp__GetFileType@4       02873518     kernel32:KERNEL32.dll
 0005:0000051c       __imp__GetStartupInfoA@4   0287351c     kernel32:KERNEL32.dll
 0005:00000520       __imp__DeleteCriticalSection@4 02873520     kernel32:KERNEL32.dll
 0005:00000524       __imp__RtlUnwind@16        02873524     kernel32:KERNEL32.dll
 0005:00000528       __imp__GetModuleFileNameA@12 02873528     kernel32:KERNEL32.dll
 0005:0000052c       __imp__WriteFile@20        0287352c     kernel32:KERNEL32.dll
 0005:00000530       __imp__GetACP@0            02873530     kernel32:KERNEL32.dll
 0005:00000534       __imp__GetOEMCP@0          02873534     kernel32:KERNEL32.dll
 0005:00000538       __imp__GetCPInfo@8         02873538     kernel32:KERNEL32.dll
 0005:0000053c       __imp__IsValidCodePage@4   0287353c     kernel32:KERNEL32.dll
 0005:00000540       __imp__FatalAppExitA@8     02873540     kernel32:KERNEL32.dll
 0005:00000544       __imp__SetConsoleCtrlHandler@8 02873544     kernel32:KERNEL32.dll
 0005:00000548       __imp__FreeLibrary@4       02873548     kernel32:KERNEL32.dll
 0005:0000054c       __imp__InterlockedExchange@8 0287354c     kernel32:KERNEL32.dll
 0005:00000550       __imp__InitializeCriticalSectionAndSpinCount@8 02873550     kernel32:KERNEL32.dll
 0005:00000554       __imp__ReadFile@20         02873554     kernel32:KERNEL32.dll
 0005:00000558       __imp__SetFilePointer@16   02873558     kernel32:KERNEL32.dll
 0005:0000055c       __imp__HeapFree@12         0287355c     kernel32:KERNEL32.dll
 0005:00000560       __imp__HeapAlloc@12        02873560     kernel32:KERNEL32.dll
 0005:00000564       __imp__GetProcessHeap@0    02873564     kernel32:KERNEL32.dll
 0005:00000568       __imp__VirtualQuery@12     02873568     kernel32:KERNEL32.dll
 0005:0000056c       __imp__GetConsoleCP@0      0287356c     kernel32:KERNEL32.dll
 0005:00000570       __imp__GetConsoleMode@8    02873570     kernel32:KERNEL32.dll
 0005:00000574       __imp__LCMapStringA@24     02873574     kernel32:KERNEL32.dll
 0005:00000578       __imp__LCMapStringW@24     02873578     kernel32:KERNEL32.dll
 0005:0000057c       __imp__QueryPerformanceCounter@4 0287357c     kernel32:KERNEL32.dll
 0005:00000580       __imp__GetTickCount@0      02873580     kernel32:KERNEL32.dll
 0005:00000584       \177KERNEL32_NULL_THUNK_DATA 02873584     kernel32:KERNEL32.dll
 0005:00000600       __imp__Shell_NotifyIconA@8 02873600     shell32:SHELL32.dll
 0005:00000604       \177SHELL32_NULL_THUNK_DATA 02873604     shell32:SHELL32.dll
 0005:00000630       __imp__LoadIconA@8         02873630     user32:USER32.dll
 0005:00000634       __imp__LoadCursorA@8       02873634     user32:USER32.dll
 0005:00000638       __imp__RegisterClassA@4    02873638     user32:USER32.dll
 0005:0000063c       __imp__CreateWindowExA@48  0287363c     user32:USER32.dll
 0005:00000640       __imp__UpdateWindow@4      02873640     user32:USER32.dll
 0005:00000644       __imp__PeekMessageA@20     02873644     user32:USER32.dll
 0005:00000648       __imp__TranslateMessage@4  02873648     user32:USER32.dll
 0005:0000064c       __imp__DispatchMessageA@4  0287364c     user32:USER32.dll
 0005:00000650       __imp__DefWindowProcA@16   02873650     user32:USER32.dll
 0005:00000654       __imp__ShowWindow@8        02873654     user32:USER32.dll
 0005:00000658       __imp__SetForegroundWindow@4 02873658     user32:USER32.dll
 0005:0000065c       __imp__SetFocus@4          0287365c     user32:USER32.dll
 0005:00000660       \177USER32_NULL_THUNK_DATA 02873660     user32:USER32.dll
 0005:00000694       __imp__setsockopt@20       02873694     wsock32:WSOCK32.dll
 0005:00000698       __imp__bind@12             02873698     wsock32:WSOCK32.dll
 0005:0000069c       __imp__socket@12           0287369c     wsock32:WSOCK32.dll
 0005:000006a0       __imp__inet_addr@4         028736a0     wsock32:WSOCK32.dll
 0005:000006a4       __imp__htons@4             028736a4     wsock32:WSOCK32.dll
 0005:000006a8       __imp__connect@12          028736a8     wsock32:WSOCK32.dll
 0005:000006ac       __imp__accept@12           028736ac     wsock32:WSOCK32.dll
 0005:000006b0       __imp__listen@8            028736b0     wsock32:WSOCK32.dll
 0005:000006b4       __imp__WSAStartup@8        028736b4     wsock32:WSOCK32.dll
 0005:000006b8       __imp__select@20           028736b8     wsock32:WSOCK32.dll
 0005:000006bc       __imp____WSAFDIsSet@8      028736bc     wsock32:WSOCK32.dll
 0005:000006c0       __imp__send@16             028736c0     wsock32:WSOCK32.dll
 0005:000006c4       __imp__recv@16             028736c4     wsock32:WSOCK32.dll
 0005:000006c8       __imp__WSAGetLastError@0   028736c8     wsock32:WSOCK32.dll
 0005:000006cc       __imp__inet_ntoa@4         028736cc     wsock32:WSOCK32.dll
 0005:000006d0       __imp__closesocket@4       028736d0     wsock32:WSOCK32.dll
 0005:000006d4       __imp__gethostbyname@4     028736d4     wsock32:WSOCK32.dll
 0005:000006d8       \177WSOCK32_NULL_THUNK_DATA 028736d8     wsock32:WSOCK32.dll

 entry point at        0002:00000dd9

